13:25:12 **** Incremental Build of configuration Debug for project fsbl ****
make all 
make: Nothing to be done for `all'.
13:31:23 **** Build of project fsbl_bsp ****
make -k all 
"Running Make include in psu_cortexa53_0/libsrc/avbuf_v1_0/src"
make -C psu_cortexa53_0/libsrc/avbuf_v1_0/src -s include  "SHELL=CMD" "COMPILER=aarch64-none-elf-gcc" "ARCHIVER=aarch64-none-elf-ar" "COMPILER_FLAGS=  -O2 -c" "EXTRA_COMPILER_FLAGS=-g -Wall -Wextra -Os -flto -ffat-lto-objects"
"Running Make include in psu_cortexa53_0/libsrc/axipmon_v6_6/src"
make -C psu_cortexa53_0/libsrc/axipmon_v6_6/src -s include  "SHELL=CMD" "COMPILER=aarch64-none-elf-gcc" "ARCHIVER=aarch64-none-elf-ar" "COMPILER_FLAGS=  -O2 -c" "EXTRA_COMPILER_FLAGS=-g -Wall -Wextra -Os -flto -ffat-lto-objects"
"Running Make include in psu_cortexa53_0/libsrc/coresightps_dcc_v1_4/src"
make -C psu_cortexa53_0/libsrc/coresightps_dcc_v1_4/src -s include  "SHELL=CMD" "COMPILER=aarch64-none-elf-gcc" "ARCHIVER=aarch64-none-elf-ar" "COMPILER_FLAGS=  -O2 -c" "EXTRA_COMPILER_FLAGS=-g -Wall -Wextra -Os -flto -ffat-lto-objects"
"Running Make include in psu_cortexa53_0/libsrc/cpu_cortexa53_v1_4/src"
make -C psu_cortexa53_0/libsrc/cpu_cortexa53_v1_4/src -s include  "SHELL=CMD" "COMPILER=aarch64-none-elf-gcc" "ARCHIVER=aarch64-none-elf-ar" "COMPILER_FLAGS=  -O2 -c" "EXTRA_COMPILER_FLAGS=-g -Wall -Wextra -Os -flto -ffat-lto-objects"
"Running Make include in psu_cortexa53_0/libsrc/csudma_v1_1/src"
make -C psu_cortexa53_0/libsrc/csudma_v1_1/src -s include  "SHELL=CMD" "COMPILER=aarch64-none-elf-gcc" "ARCHIVER=aarch64-none-elf-ar" "COMPILER_FLAGS=  -O2 -c" "EXTRA_COMPILER_FLAGS=-g -Wall -Wextra -Os -flto -ffat-lto-objects"
"Running Make include in psu_cortexa53_0/libsrc/ddrcpsu_v1_1/src"
make -C psu_cortexa53_0/libsrc/ddrcpsu_v1_1/src -s include  "SHELL=CMD" "COMPILER=aarch64-none-elf-gcc" "ARCHIVER=aarch64-none-elf-ar" "COMPILER_FLAGS=  -O2 -c" "EXTRA_COMPILER_FLAGS=-g -Wall -Wextra -Os -flto -ffat-lto-objects"
"Running Make include in psu_cortexa53_0/libsrc/dpdma_v1_0/src"
make -C psu_cortexa53_0/libsrc/dpdma_v1_0/src -s include  "SHELL=CMD" "COMPILER=aarch64-none-elf-gcc" "ARCHIVER=aarch64-none-elf-ar" "COMPILER_FLAGS=  -O2 -c" "EXTRA_COMPILER_FLAGS=-g -Wall -Wextra -Os -flto -ffat-lto-objects"
"Running Make include in psu_cortexa53_0/libsrc/emacps_v3_5/src"
make -C psu_cortexa53_0/libsrc/emacps_v3_5/src -s include  "SHELL=CMD" "COMPILER=aarch64-none-elf-gcc" "ARCHIVER=aarch64-none-elf-ar" "COMPILER_FLAGS=  -O2 -c" "EXTRA_COMPILER_FLAGS=-g -Wall -Wextra -Os -flto -ffat-lto-objects"
"Running Make include in psu_cortexa53_0/libsrc/gpio_v4_3/src"
make -C psu_cortexa53_0/libsrc/gpio_v4_3/src -s include  "SHELL=CMD" "COMPILER=aarch64-none-elf-gcc" "ARCHIVER=aarch64-none-elf-ar" "COMPILER_FLAGS=  -O2 -c" "EXTRA_COMPILER_FLAGS=-g -Wall -Wextra -Os -flto -ffat-lto-objects"
"Running Make include in psu_cortexa53_0/libsrc/gpiops_v3_3/src"
make -C psu_cortexa53_0/libsrc/gpiops_v3_3/src -s include  "SHELL=CMD" "COMPILER=aarch64-none-elf-gcc" "ARCHIVER=aarch64-none-elf-ar" "COMPILER_FLAGS=  -O2 -c" "EXTRA_COMPILER_FLAGS=-g -Wall -Wextra -Os -flto -ffat-lto-objects"
"Running Make include in psu_cortexa53_0/libsrc/iicps_v3_5/src"
make -C psu_cortexa53_0/libsrc/iicps_v3_5/src -s include  "SHELL=CMD" "COMPILER=aarch64-none-elf-gcc" "ARCHIVER=aarch64-none-elf-ar" "COMPILER_FLAGS=  -O2 -c" "EXTRA_COMPILER_FLAGS=-g -Wall -Wextra -Os -flto -ffat-lto-objects"
"Running Make include in psu_cortexa53_0/libsrc/ipipsu_v2_3/src"
make -C psu_cortexa53_0/libsrc/ipipsu_v2_3/src -s include  "SHELL=CMD" "COMPILER=aarch64-none-elf-gcc" "ARCHIVER=aarch64-none-elf-ar" "COMPILER_FLAGS=  -O2 -c" "EXTRA_COMPILER_FLAGS=-g -Wall -Wextra -Os -flto -ffat-lto-objects"
"Running Make include in psu_cortexa53_0/libsrc/qspipsu_v1_5/src"
make -C psu_cortexa53_0/libsrc/qspipsu_v1_5/src -s include  "SHELL=CMD" "COMPILER=aarch64-none-elf-gcc" "ARCHIVER=aarch64-none-elf-ar" "COMPILER_FLAGS=  -O2 -c" "EXTRA_COMPILER_FLAGS=-g -Wall -Wextra -Os -flto -ffat-lto-objects"
"Running Make include in psu_cortexa53_0/libsrc/rtcpsu_v1_5/src"
make -C psu_cortexa53_0/libsrc/rtcpsu_v1_5/src -s include  "SHELL=CMD" "COMPILER=aarch64-none-elf-gcc" "ARCHIVER=aarch64-none-elf-ar" "COMPILER_FLAGS=  -O2 -c" "EXTRA_COMPILER_FLAGS=-g -Wall -Wextra -Os -flto -ffat-lto-objects"
"Running Make include in psu_cortexa53_0/libsrc/scugic_v3_8/src"
make -C psu_cortexa53_0/libsrc/scugic_v3_8/src -s include  "SHELL=CMD" "COMPILER=aarch64-none-elf-gcc" "ARCHIVER=aarch64-none-elf-ar" "COMPILER_FLAGS=  -O2 -c" "EXTRA_COMPILER_FLAGS=-g -Wall -Wextra -Os -flto -ffat-lto-objects"
"Running Make include in psu_cortexa53_0/libsrc/sdps_v3_3/src"
make -C psu_cortexa53_0/libsrc/sdps_v3_3/src -s include  "SHELL=CMD" "COMPILER=aarch64-none-elf-gcc" "ARCHIVER=aarch64-none-elf-ar" "COMPILER_FLAGS=  -O2 -c" "EXTRA_COMPILER_FLAGS=-g -Wall -Wextra -Os -flto -ffat-lto-objects"
"Running Make include in psu_cortexa53_0/libsrc/standalone_v6_4/src"
make -C psu_cortexa53_0/libsrc/standalone_v6_4/src -s include  "SHELL=CMD" "COMPILER=aarch64-none-elf-gcc" "ARCHIVER=aarch64-none-elf-ar" "COMPILER_FLAGS=  -O2 -c" "EXTRA_COMPILER_FLAGS=-g -Wall -Wextra -Os -flto -ffat-lto-objects"
"Running Make include in psu_cortexa53_0/libsrc/sysmonpsu_v2_2/src"
make -C psu_cortexa53_0/libsrc/sysmonpsu_v2_2/src -s include  "SHELL=CMD" "COMPILER=aarch64-none-elf-gcc" "ARCHIVER=aarch64-none-elf-ar" "COMPILER_FLAGS=  -O2 -c" "EXTRA_COMPILER_FLAGS=-g -Wall -Wextra -Os -flto -ffat-lto-objects"
"Running Make include in psu_cortexa53_0/libsrc/uartps_v3_4/src"
make -C psu_cortexa53_0/libsrc/uartps_v3_4/src -s include  "SHELL=CMD" "COMPILER=aarch64-none-elf-gcc" "ARCHIVER=aarch64-none-elf-ar" "COMPILER_FLAGS=  -O2 -c" "EXTRA_COMPILER_FLAGS=-g -Wall -Wextra -Os -flto -ffat-lto-objects"
"Running Make include in psu_cortexa53_0/libsrc/usbpsu_v1_3/src"
make -C psu_cortexa53_0/libsrc/usbpsu_v1_3/src -s include  "SHELL=CMD" "COMPILER=aarch64-none-elf-gcc" "ARCHIVER=aarch64-none-elf-ar" "COMPILER_FLAGS=  -O2 -c" "EXTRA_COMPILER_FLAGS=-g -Wall -Wextra -Os -flto -ffat-lto-objects"
"Running Make include in psu_cortexa53_0/libsrc/video_common_v4_2/src"
make -C psu_cortexa53_0/libsrc/video_common_v4_2/src -s include  "SHELL=CMD" "COMPILER=aarch64-none-elf-gcc" "ARCHIVER=aarch64-none-elf-ar" "COMPILER_FLAGS=  -O2 -c" "EXTRA_COMPILER_FLAGS=-g -Wall -Wextra -Os -flto -ffat-lto-objects"
"Running Make include in psu_cortexa53_0/libsrc/xilffs_v3_7/src"
make -C psu_cortexa53_0/libsrc/xilffs_v3_7/src -s include  "SHELL=CMD" "COMPILER=aarch64-none-elf-gcc" "ARCHIVER=aarch64-none-elf-ar" "COMPILER_FLAGS=  -O2 -c" "EXTRA_COMPILER_FLAGS=-g -Wall -Wextra -Os -flto -ffat-lto-objects"
"Running Make include in psu_cortexa53_0/libsrc/xilpm_v2_2/src"
make -C psu_cortexa53_0/libsrc/xilpm_v2_2/src -s include  "SHELL=CMD" "COMPILER=aarch64-none-elf-gcc" "ARCHIVER=aarch64-none-elf-ar" "COMPILER_FLAGS=  -O2 -c" "EXTRA_COMPILER_FLAGS=-g -Wall -Wextra -Os -flto -ffat-lto-objects"
"Include files for this library have already been copied."
"Running Make include in psu_cortexa53_0/libsrc/xilsecure_v2_2/src"
make -C psu_cortexa53_0/libsrc/xilsecure_v2_2/src -s include  "SHELL=CMD" "COMPILER=aarch64-none-elf-gcc" "ARCHIVER=aarch64-none-elf-ar" "COMPILER_FLAGS=  -O2 -c" "EXTRA_COMPILER_FLAGS=-g -Wall -Wextra -Os -flto -ffat-lto-objects"
"Running Make include in psu_cortexa53_0/libsrc/zdma_v1_3/src"
make -C psu_cortexa53_0/libsrc/zdma_v1_3/src -s include  "SHELL=CMD" "COMPILER=aarch64-none-elf-gcc" "ARCHIVER=aarch64-none-elf-ar" "COMPILER_FLAGS=  -O2 -c" "EXTRA_COMPILER_FLAGS=-g -Wall -Wextra -Os -flto -ffat-lto-objects"
"Running Make libs in psu_cortexa53_0/libsrc/avbuf_v1_0/src"
make -C psu_cortexa53_0/libsrc/avbuf_v1_0/src -s libs  "SHELL=CMD" "COMPILER=aarch64-none-elf-gcc" "ARCHIVER=aarch64-none-elf-ar" "COMPILER_FLAGS=  -O2 -c" "EXTRA_COMPILER_FLAGS=-g -Wall -Wextra -Os -flto -ffat-lto-objects"
"Compiling avbuf"
aarch64-none-elf-ar: creating ../../../lib/libxil.a
"Running Make libs in psu_cortexa53_0/libsrc/axipmon_v6_6/src"
make -C psu_cortexa53_0/libsrc/axipmon_v6_6/src -s libs  "SHELL=CMD" "COMPILER=aarch64-none-elf-gcc" "ARCHIVER=aarch64-none-elf-ar" "COMPILER_FLAGS=  -O2 -c" "EXTRA_COMPILER_FLAGS=-g -Wall -Wextra -Os -flto -ffat-lto-objects"
"Compiling axipmon"
"Running Make libs in psu_cortexa53_0/libsrc/coresightps_dcc_v1_4/src"
make -C psu_cortexa53_0/libsrc/coresightps_dcc_v1_4/src -s libs  "SHELL=CMD" "COMPILER=aarch64-none-elf-gcc" "ARCHIVER=aarch64-none-elf-ar" "COMPILER_FLAGS=  -O2 -c" "EXTRA_COMPILER_FLAGS=-g -Wall -Wextra -Os -flto -ffat-lto-objects"
"Compiling coresightps_dcc"
"Running Make libs in psu_cortexa53_0/libsrc/cpu_cortexa53_v1_4/src"
make -C psu_cortexa53_0/libsrc/cpu_cortexa53_v1_4/src -s libs  "SHELL=CMD" "COMPILER=aarch64-none-elf-gcc" "ARCHIVER=aarch64-none-elf-ar" "COMPILER_FLAGS=  -O2 -c" "EXTRA_COMPILER_FLAGS=-g -Wall -Wextra -Os -flto -ffat-lto-objects"
"Compiling cpu_cortexa53"
"Running Make libs in psu_cortexa53_0/libsrc/csudma_v1_1/src"
make -C psu_cortexa53_0/libsrc/csudma_v1_1/src -s libs  "SHELL=CMD" "COMPILER=aarch64-none-elf-gcc" "ARCHIVER=aarch64-none-elf-ar" "COMPILER_FLAGS=  -O2 -c" "EXTRA_COMPILER_FLAGS=-g -Wall -Wextra -Os -flto -ffat-lto-objects"
"Compiling csudma"
"Running Make libs in psu_cortexa53_0/libsrc/ddrcpsu_v1_1/src"
make -C psu_cortexa53_0/libsrc/ddrcpsu_v1_1/src -s libs  "SHELL=CMD" "COMPILER=aarch64-none-elf-gcc" "ARCHIVER=aarch64-none-elf-ar" "COMPILER_FLAGS=  -O2 -c" "EXTRA_COMPILER_FLAGS=-g -Wall -Wextra -Os -flto -ffat-lto-objects"
"Compiling ddrcpsu"
"Running Make libs in psu_cortexa53_0/libsrc/dpdma_v1_0/src"
make -C psu_cortexa53_0/libsrc/dpdma_v1_0/src -s libs  "SHELL=CMD" "COMPILER=aarch64-none-elf-gcc" "ARCHIVER=aarch64-none-elf-ar" "COMPILER_FLAGS=  -O2 -c" "EXTRA_COMPILER_FLAGS=-g -Wall -Wextra -Os -flto -ffat-lto-objects"
"Compiling dpdma"
"Running Make libs in psu_cortexa53_0/libsrc/emacps_v3_5/src"
make -C psu_cortexa53_0/libsrc/emacps_v3_5/src -s libs  "SHELL=CMD" "COMPILER=aarch64-none-elf-gcc" "ARCHIVER=aarch64-none-elf-ar" "COMPILER_FLAGS=  -O2 -c" "EXTRA_COMPILER_FLAGS=-g -Wall -Wextra -Os -flto -ffat-lto-objects"
"Compiling emacps"
"Running Make libs in psu_cortexa53_0/libsrc/gpio_v4_3/src"
make -C psu_cortexa53_0/libsrc/gpio_v4_3/src -s libs  "SHELL=CMD" "COMPILER=aarch64-none-elf-gcc" "ARCHIVER=aarch64-none-elf-ar" "COMPILER_FLAGS=  -O2 -c" "EXTRA_COMPILER_FLAGS=-g -Wall -Wextra -Os -flto -ffat-lto-objects"
"Compiling gpio"
"Running Make libs in psu_cortexa53_0/libsrc/gpiops_v3_3/src"
make -C psu_cortexa53_0/libsrc/gpiops_v3_3/src -s libs  "SHELL=CMD" "COMPILER=aarch64-none-elf-gcc" "ARCHIVER=aarch64-none-elf-ar" "COMPILER_FLAGS=  -O2 -c" "EXTRA_COMPILER_FLAGS=-g -Wall -Wextra -Os -flto -ffat-lto-objects"
"Compiling gpiops"
"Running Make libs in psu_cortexa53_0/libsrc/iicps_v3_5/src"
make -C psu_cortexa53_0/libsrc/iicps_v3_5/src -s libs  "SHELL=CMD" "COMPILER=aarch64-none-elf-gcc" "ARCHIVER=aarch64-none-elf-ar" "COMPILER_FLAGS=  -O2 -c" "EXTRA_COMPILER_FLAGS=-g -Wall -Wextra -Os -flto -ffat-lto-objects"
"Compiling iicps"
"Running Make libs in psu_cortexa53_0/libsrc/ipipsu_v2_3/src"
make -C psu_cortexa53_0/libsrc/ipipsu_v2_3/src -s libs  "SHELL=CMD" "COMPILER=aarch64-none-elf-gcc" "ARCHIVER=aarch64-none-elf-ar" "COMPILER_FLAGS=  -O2 -c" "EXTRA_COMPILER_FLAGS=-g -Wall -Wextra -Os -flto -ffat-lto-objects"
"Compiling ipipsu"
"Running Make libs in psu_cortexa53_0/libsrc/qspipsu_v1_5/src"
make -C psu_cortexa53_0/libsrc/qspipsu_v1_5/src -s libs  "SHELL=CMD" "COMPILER=aarch64-none-elf-gcc" "ARCHIVER=aarch64-none-elf-ar" "COMPILER_FLAGS=  -O2 -c" "EXTRA_COMPILER_FLAGS=-g -Wall -Wextra -Os -flto -ffat-lto-objects"
"Compiling qspipsu"
"Running Make libs in psu_cortexa53_0/libsrc/rtcpsu_v1_5/src"
make -C psu_cortexa53_0/libsrc/rtcpsu_v1_5/src -s libs  "SHELL=CMD" "COMPILER=aarch64-none-elf-gcc" "ARCHIVER=aarch64-none-elf-ar" "COMPILER_FLAGS=  -O2 -c" "EXTRA_COMPILER_FLAGS=-g -Wall -Wextra -Os -flto -ffat-lto-objects"
"Compiling rtcpsu"
"Running Make libs in psu_cortexa53_0/libsrc/scugic_v3_8/src"
make -C psu_cortexa53_0/libsrc/scugic_v3_8/src -s libs  "SHELL=CMD" "COMPILER=aarch64-none-elf-gcc" "ARCHIVER=aarch64-none-elf-ar" "COMPILER_FLAGS=  -O2 -c" "EXTRA_COMPILER_FLAGS=-g -Wall -Wextra -Os -flto -ffat-lto-objects"
"Compiling scugic"
"Running Make libs in psu_cortexa53_0/libsrc/sdps_v3_3/src"
make -C psu_cortexa53_0/libsrc/sdps_v3_3/src -s libs  "SHELL=CMD" "COMPILER=aarch64-none-elf-gcc" "ARCHIVER=aarch64-none-elf-ar" "COMPILER_FLAGS=  -O2 -c" "EXTRA_COMPILER_FLAGS=-g -Wall -Wextra -Os -flto -ffat-lto-objects"
"Compiling sdps"
"Running Make libs in psu_cortexa53_0/libsrc/standalone_v6_4/src"
make -C psu_cortexa53_0/libsrc/standalone_v6_4/src -s libs  "SHELL=CMD" "COMPILER=aarch64-none-elf-gcc" "ARCHIVER=aarch64-none-elf-ar" "COMPILER_FLAGS=  -O2 -c" "EXTRA_COMPILER_FLAGS=-g -Wall -Wextra -Os -flto -ffat-lto-objects"
"Compiling standalone A53"
translation_table.S:149:2: warning: #warning "There's no DDR_1 in the HW design. MMU translation table marks 32 GB DDR address space as undefined" [-Wcpp]
 #warning "There's no DDR_1 in the HW design. MMU translation table marks 32 GB DDR address space as undefined"
  ^~~~~~~
"Running Make libs in psu_cortexa53_0/libsrc/sysmonpsu_v2_2/src"
make -C psu_cortexa53_0/libsrc/sysmonpsu_v2_2/src -s libs  "SHELL=CMD" "COMPILER=aarch64-none-elf-gcc" "ARCHIVER=aarch64-none-elf-ar" "COMPILER_FLAGS=  -O2 -c" "EXTRA_COMPILER_FLAGS=-g -Wall -Wextra -Os -flto -ffat-lto-objects"
"Compiling sysmonpsu"
"Running Make libs in psu_cortexa53_0/libsrc/uartps_v3_4/src"
make -C psu_cortexa53_0/libsrc/uartps_v3_4/src -s libs  "SHELL=CMD" "COMPILER=aarch64-none-elf-gcc" "ARCHIVER=aarch64-none-elf-ar" "COMPILER_FLAGS=  -O2 -c" "EXTRA_COMPILER_FLAGS=-g -Wall -Wextra -Os -flto -ffat-lto-objects"
"Compiling uartps"
"Running Make libs in psu_cortexa53_0/libsrc/usbpsu_v1_3/src"
make -C psu_cortexa53_0/libsrc/usbpsu_v1_3/src -s libs  "SHELL=CMD" "COMPILER=aarch64-none-elf-gcc" "ARCHIVER=aarch64-none-elf-ar" "COMPILER_FLAGS=  -O2 -c" "EXTRA_COMPILER_FLAGS=-g -Wall -Wextra -Os -flto -ffat-lto-objects"
"Compiling usbpsu"
"Running Make libs in psu_cortexa53_0/libsrc/video_common_v4_2/src"
make -C psu_cortexa53_0/libsrc/video_common_v4_2/src -s libs  "SHELL=CMD" "COMPILER=aarch64-none-elf-gcc" "ARCHIVER=aarch64-none-elf-ar" "COMPILER_FLAGS=  -O2 -c" "EXTRA_COMPILER_FLAGS=-g -Wall -Wextra -Os -flto -ffat-lto-objects"
"Compiling video_common"
"Running Make libs in psu_cortexa53_0/libsrc/xilffs_v3_7/src"
make -C psu_cortexa53_0/libsrc/xilffs_v3_7/src -s libs  "SHELL=CMD" "COMPILER=aarch64-none-elf-gcc" "ARCHIVER=aarch64-none-elf-ar" "COMPILER_FLAGS=  -O2 -c" "EXTRA_COMPILER_FLAGS=-g -Wall -Wextra -Os -flto -ffat-lto-objects"
"Compiling XilFFs Library"
diskio.c:135:11: warning: 'ExtCsd' defined but not used [-Wunused-variable]
 static u8 ExtCsd[512] __attribute__ ((aligned(32)));
           ^~~~~~
"Running Make libs in psu_cortexa53_0/libsrc/xilpm_v2_2/src"
make -C psu_cortexa53_0/libsrc/xilpm_v2_2/src -s libs  "SHELL=CMD" "COMPILER=aarch64-none-elf-gcc" "ARCHIVER=aarch64-none-elf-ar" "COMPILER_FLAGS=  -O2 -c" "EXTRA_COMPILER_FLAGS=-g -Wall -Wextra -Os -flto -ffat-lto-objects"
"Compiling xilpm library"
pm_client.c: In function 'pm_get_master':
pm_client.c:93:12: warning: comparison of unsigned expression >= 0 is always true [-Wtype-limits]
  if (cpuid >=0 && PM_ARRAY_SIZE(pm_masters_all)) {
            ^~
aarch64-none-elf-ar: creating ../../../lib/libxilpm.a
"Running Make libs in psu_cortexa53_0/libsrc/xilsecure_v2_2/src"
make -C psu_cortexa53_0/libsrc/xilsecure_v2_2/src -s libs  "SHELL=CMD" "COMPILER=aarch64-none-elf-gcc" "ARCHIVER=aarch64-none-elf-ar" "COMPILER_FLAGS=  -O2 -c" "EXTRA_COMPILER_FLAGS=-g -Wall -Wextra -Os -flto -ffat-lto-objects"
"Compiling XilSecure Library"
"Running Make libs in psu_cortexa53_0/libsrc/zdma_v1_3/src"
make -C psu_cortexa53_0/libsrc/zdma_v1_3/src -s libs  "SHELL=CMD" "COMPILER=aarch64-none-elf-gcc" "ARCHIVER=aarch64-none-elf-ar" "COMPILER_FLAGS=  -O2 -c" "EXTRA_COMPILER_FLAGS=-g -Wall -Wextra -Os -flto -ffat-lto-objects"
"Compiling zdma"
'Finished building libraries'
13:31:50 **** Build of configuration Debug for project fsbl ****
make all 
'Building file: F:/postureRec/posture_rec_system/posture_rec_system.sdk/top_hw_platform_0/psu_init.c'
'Invoking: ARM v8 gcc compiler'
aarch64-none-elf-gcc -DARMA53_64 -Wall -O0 -g3 -I"F:\postureRec\posture_rec_system\posture_rec_system.sdk\top_hw_platform_0" -c -fmessage-length=0 -MT"src/psu_init.o" -Os -flto -ffat-lto-objects -I../../fsbl_bsp/psu_cortexa53_0/include -MMD -MP -MF"src/psu_init.d" -MT"src/psu_init.o" -o "src/psu_init.o" "F:/postureRec/posture_rec_system/posture_rec_system.sdk/top_hw_platform_0/psu_init.c"
F:/postureRec/posture_rec_system/posture_rec_system.sdk/top_hw_platform_0/psu_init.c:19268:13: warning: 'dpll_prog' defined but not used [-Wunused-function]
 static void dpll_prog(int ddr_pll_fbdiv, int d_lock_dly, int d_lock_cnt,
             ^~~~~~~~~
'Finished building: F:/postureRec/posture_rec_system/posture_rec_system.sdk/top_hw_platform_0/psu_init.c'
' '
'Building file: ../src/xfsbl_authentication.c'
'Invoking: ARM v8 gcc compiler'
aarch64-none-elf-gcc -DARMA53_64 -Wall -O0 -g3 -I"F:\postureRec\posture_rec_system\posture_rec_system.sdk\top_hw_platform_0" -c -fmessage-length=0 -MT"src/xfsbl_authentication.o" -Os -flto -ffat-lto-objects -I../../fsbl_bsp/psu_cortexa53_0/include -MMD -MP -MF"src/xfsbl_authentication.d" -MT"src/xfsbl_authentication.o" -o "src/xfsbl_authentication.o" "../src/xfsbl_authentication.c"
'Finished building: ../src/xfsbl_authentication.c'
' '
'Building file: ../src/xfsbl_board.c'
'Invoking: ARM v8 gcc compiler'
aarch64-none-elf-gcc -DARMA53_64 -Wall -O0 -g3 -I"F:\postureRec\posture_rec_system\posture_rec_system.sdk\top_hw_platform_0" -c -fmessage-length=0 -MT"src/xfsbl_board.o" -Os -flto -ffat-lto-objects -I../../fsbl_bsp/psu_cortexa53_0/include -MMD -MP -MF"src/xfsbl_board.d" -MT"src/xfsbl_board.o" -o "src/xfsbl_board.o" "../src/xfsbl_board.c"
'Finished building: ../src/xfsbl_board.c'
' '
'Building file: ../src/xfsbl_bs.c'
'Invoking: ARM v8 gcc compiler'
aarch64-none-elf-gcc -DARMA53_64 -Wall -O0 -g3 -I"F:\postureRec\posture_rec_system\posture_rec_system.sdk\top_hw_platform_0" -c -fmessage-length=0 -MT"src/xfsbl_bs.o" -Os -flto -ffat-lto-objects -I../../fsbl_bsp/psu_cortexa53_0/include -MMD -MP -MF"src/xfsbl_bs.d" -MT"src/xfsbl_bs.o" -o "src/xfsbl_bs.o" "../src/xfsbl_bs.c"
'Finished building: ../src/xfsbl_bs.c'
' '
'Building file: ../src/xfsbl_csu_dma.c'
'Invoking: ARM v8 gcc compiler'
aarch64-none-elf-gcc -DARMA53_64 -Wall -O0 -g3 -I"F:\postureRec\posture_rec_system\posture_rec_system.sdk\top_hw_platform_0" -c -fmessage-length=0 -MT"src/xfsbl_csu_dma.o" -Os -flto -ffat-lto-objects -I../../fsbl_bsp/psu_cortexa53_0/include -MMD -MP -MF"src/xfsbl_csu_dma.d" -MT"src/xfsbl_csu_dma.o" -o "src/xfsbl_csu_dma.o" "../src/xfsbl_csu_dma.c"
'Finished building: ../src/xfsbl_csu_dma.c'
' '
'Building file: ../src/xfsbl_dfu_util.c'
'Invoking: ARM v8 gcc compiler'
aarch64-none-elf-gcc -DARMA53_64 -Wall -O0 -g3 -I"F:\postureRec\posture_rec_system\posture_rec_system.sdk\top_hw_platform_0" -c -fmessage-length=0 -MT"src/xfsbl_dfu_util.o" -Os -flto -ffat-lto-objects -I../../fsbl_bsp/psu_cortexa53_0/include -MMD -MP -MF"src/xfsbl_dfu_util.d" -MT"src/xfsbl_dfu_util.o" -o "src/xfsbl_dfu_util.o" "../src/xfsbl_dfu_util.c"
'Finished building: ../src/xfsbl_dfu_util.c'
' '
'Building file: ../src/xfsbl_exit.S'
'Invoking: ARM v8 gcc compiler'
aarch64-none-elf-gcc -DARMA53_64 -Wall -O0 -g3 -I"F:\postureRec\posture_rec_system\posture_rec_system.sdk\top_hw_platform_0" -c -fmessage-length=0 -MT"src/xfsbl_exit.o" -Os -flto -ffat-lto-objects -I../../fsbl_bsp/psu_cortexa53_0/include -MMD -MP -MF"src/xfsbl_exit.d" -MT"src/xfsbl_exit.o" -o "src/xfsbl_exit.o" "../src/xfsbl_exit.S"
'Finished building: ../src/xfsbl_exit.S'
' '
'Building file: ../src/xfsbl_handoff.c'
'Invoking: ARM v8 gcc compiler'
aarch64-none-elf-gcc -DARMA53_64 -Wall -O0 -g3 -I"F:\postureRec\posture_rec_system\posture_rec_system.sdk\top_hw_platform_0" -c -fmessage-length=0 -MT"src/xfsbl_handoff.o" -Os -flto -ffat-lto-objects -I../../fsbl_bsp/psu_cortexa53_0/include -MMD -MP -MF"src/xfsbl_handoff.d" -MT"src/xfsbl_handoff.o" -o "src/xfsbl_handoff.o" "../src/xfsbl_handoff.c"
'Finished building: ../src/xfsbl_handoff.c'
' '
'Building file: ../src/xfsbl_hooks.c'
'Invoking: ARM v8 gcc compiler'
aarch64-none-elf-gcc -DARMA53_64 -Wall -O0 -g3 -I"F:\postureRec\posture_rec_system\posture_rec_system.sdk\top_hw_platform_0" -c -fmessage-length=0 -MT"src/xfsbl_hooks.o" -Os -flto -ffat-lto-objects -I../../fsbl_bsp/psu_cortexa53_0/include -MMD -MP -MF"src/xfsbl_hooks.d" -MT"src/xfsbl_hooks.o" -o "src/xfsbl_hooks.o" "../src/xfsbl_hooks.c"
'Finished building: ../src/xfsbl_hooks.c'
' '
'Building file: ../src/xfsbl_image_header.c'
'Invoking: ARM v8 gcc compiler'
aarch64-none-elf-gcc -DARMA53_64 -Wall -O0 -g3 -I"F:\postureRec\posture_rec_system\posture_rec_system.sdk\top_hw_platform_0" -c -fmessage-length=0 -MT"src/xfsbl_image_header.o" -Os -flto -ffat-lto-objects -I../../fsbl_bsp/psu_cortexa53_0/include -MMD -MP -MF"src/xfsbl_image_header.d" -MT"src/xfsbl_image_header.o" -o "src/xfsbl_image_header.o" "../src/xfsbl_image_header.c"
'Finished building: ../src/xfsbl_image_header.c'
' '
'Building file: ../src/xfsbl_initialization.c'
'Invoking: ARM v8 gcc compiler'
aarch64-none-elf-gcc -DARMA53_64 -Wall -O0 -g3 -I"F:\postureRec\posture_rec_system\posture_rec_system.sdk\top_hw_platform_0" -c -fmessage-length=0 -MT"src/xfsbl_initialization.o" -Os -flto -ffat-lto-objects -I../../fsbl_bsp/psu_cortexa53_0/include -MMD -MP -MF"src/xfsbl_initialization.d" -MT"src/xfsbl_initialization.o" -o "src/xfsbl_initialization.o" "../src/xfsbl_initialization.c"
'Finished building: ../src/xfsbl_initialization.c'
' '
'Building file: ../src/xfsbl_main.c'
'Invoking: ARM v8 gcc compiler'
aarch64-none-elf-gcc -DARMA53_64 -Wall -O0 -g3 -I"F:\postureRec\posture_rec_system\posture_rec_system.sdk\top_hw_platform_0" -c -fmessage-length=0 -MT"src/xfsbl_main.o" -Os -flto -ffat-lto-objects -I../../fsbl_bsp/psu_cortexa53_0/include -MMD -MP -MF"src/xfsbl_main.d" -MT"src/xfsbl_main.o" -o "src/xfsbl_main.o" "../src/xfsbl_main.c"
'Finished building: ../src/xfsbl_main.c'
' '
'Building file: ../src/xfsbl_misc.c'
'Invoking: ARM v8 gcc compiler'
aarch64-none-elf-gcc -DARMA53_64 -Wall -O0 -g3 -I"F:\postureRec\posture_rec_system\posture_rec_system.sdk\top_hw_platform_0" -c -fmessage-length=0 -MT"src/xfsbl_misc.o" -Os -flto -ffat-lto-objects -I../../fsbl_bsp/psu_cortexa53_0/include -MMD -MP -MF"src/xfsbl_misc.d" -MT"src/xfsbl_misc.o" -o "src/xfsbl_misc.o" "../src/xfsbl_misc.c"
'Finished building: ../src/xfsbl_misc.c'
' '
'Building file: ../src/xfsbl_misc_drivers.c'
'Invoking: ARM v8 gcc compiler'
aarch64-none-elf-gcc -DARMA53_64 -Wall -O0 -g3 -I"F:\postureRec\posture_rec_system\posture_rec_system.sdk\top_hw_platform_0" -c -fmessage-length=0 -MT"src/xfsbl_misc_drivers.o" -Os -flto -ffat-lto-objects -I../../fsbl_bsp/psu_cortexa53_0/include -MMD -MP -MF"src/xfsbl_misc_drivers.d" -MT"src/xfsbl_misc_drivers.o" -o "src/xfsbl_misc_drivers.o" "../src/xfsbl_misc_drivers.c"
../src/xfsbl_misc_drivers.c:95:12: warning: 'XFsbl_ConvertTime_WdtCounter' declared 'static' but never defined [-Wunused-function]
 static u32 XFsbl_ConvertTime_WdtCounter(u32 seconds);
            ^~~~~~~~~~~~~~~~~~~~~~~~~~~~
'Finished building: ../src/xfsbl_misc_drivers.c'
' '
'Building file: ../src/xfsbl_nand.c'
'Invoking: ARM v8 gcc compiler'
aarch64-none-elf-gcc -DARMA53_64 -Wall -O0 -g3 -I"F:\postureRec\posture_rec_system\posture_rec_system.sdk\top_hw_platform_0" -c -fmessage-length=0 -MT"src/xfsbl_nand.o" -Os -flto -ffat-lto-objects -I../../fsbl_bsp/psu_cortexa53_0/include -MMD -MP -MF"src/xfsbl_nand.d" -MT"src/xfsbl_nand.o" -o "src/xfsbl_nand.o" "../src/xfsbl_nand.c"
'Finished building: ../src/xfsbl_nand.c'
' '
'Building file: ../src/xfsbl_partition_load.c'
'Invoking: ARM v8 gcc compiler'
aarch64-none-elf-gcc -DARMA53_64 -Wall -O0 -g3 -I"F:\postureRec\posture_rec_system\posture_rec_system.sdk\top_hw_platform_0" -c -fmessage-length=0 -MT"src/xfsbl_partition_load.o" -Os -flto -ffat-lto-objects -I../../fsbl_bsp/psu_cortexa53_0/include -MMD -MP -MF"src/xfsbl_partition_load.d" -MT"src/xfsbl_partition_load.o" -o "src/xfsbl_partition_load.o" "../src/xfsbl_partition_load.c"
'Finished building: ../src/xfsbl_partition_load.c'
' '
'Building file: ../src/xfsbl_plpartition_valid.c'
'Invoking: ARM v8 gcc compiler'
aarch64-none-elf-gcc -DARMA53_64 -Wall -O0 -g3 -I"F:\postureRec\posture_rec_system\posture_rec_system.sdk\top_hw_platform_0" -c -fmessage-length=0 -MT"src/xfsbl_plpartition_valid.o" -Os -flto -ffat-lto-objects -I../../fsbl_bsp/psu_cortexa53_0/include -MMD -MP -MF"src/xfsbl_plpartition_valid.d" -MT"src/xfsbl_plpartition_valid.o" -o "src/xfsbl_plpartition_valid.o" "../src/xfsbl_plpartition_valid.c"
'Finished building: ../src/xfsbl_plpartition_valid.c'
' '
'Building file: ../src/xfsbl_qspi.c'
'Invoking: ARM v8 gcc compiler'
aarch64-none-elf-gcc -DARMA53_64 -Wall -O0 -g3 -I"F:\postureRec\posture_rec_system\posture_rec_system.sdk\top_hw_platform_0" -c -fmessage-length=0 -MT"src/xfsbl_qspi.o" -Os -flto -ffat-lto-objects -I../../fsbl_bsp/psu_cortexa53_0/include -MMD -MP -MF"src/xfsbl_qspi.d" -MT"src/xfsbl_qspi.o" -o "src/xfsbl_qspi.o" "../src/xfsbl_qspi.c"
'Finished building: ../src/xfsbl_qspi.c'
' '
'Building file: ../src/xfsbl_rsa_sha.c'
'Invoking: ARM v8 gcc compiler'
aarch64-none-elf-gcc -DARMA53_64 -Wall -O0 -g3 -I"F:\postureRec\posture_rec_system\posture_rec_system.sdk\top_hw_platform_0" -c -fmessage-length=0 -MT"src/xfsbl_rsa_sha.o" -Os -flto -ffat-lto-objects -I../../fsbl_bsp/psu_cortexa53_0/include -MMD -MP -MF"src/xfsbl_rsa_sha.d" -MT"src/xfsbl_rsa_sha.o" -o "src/xfsbl_rsa_sha.o" "../src/xfsbl_rsa_sha.c"
'Finished building: ../src/xfsbl_rsa_sha.c'
' '
'Building file: ../src/xfsbl_sd.c'
'Invoking: ARM v8 gcc compiler'
aarch64-none-elf-gcc -DARMA53_64 -Wall -O0 -g3 -I"F:\postureRec\posture_rec_system\posture_rec_system.sdk\top_hw_platform_0" -c -fmessage-length=0 -MT"src/xfsbl_sd.o" -Os -flto -ffat-lto-objects -I../../fsbl_bsp/psu_cortexa53_0/include -MMD -MP -MF"src/xfsbl_sd.d" -MT"src/xfsbl_sd.o" -o "src/xfsbl_sd.o" "../src/xfsbl_sd.c"
'Finished building: ../src/xfsbl_sd.c'
' '
'Building file: ../src/xfsbl_translation_table.S'
'Invoking: ARM v8 gcc compiler'
aarch64-none-elf-gcc -DARMA53_64 -Wall -O0 -g3 -I"F:\postureRec\posture_rec_system\posture_rec_system.sdk\top_hw_platform_0" -c -fmessage-length=0 -MT"src/xfsbl_translation_table.o" -Os -flto -ffat-lto-objects -I../../fsbl_bsp/psu_cortexa53_0/include -MMD -MP -MF"src/xfsbl_translation_table.d" -MT"src/xfsbl_translation_table.o" -o "src/xfsbl_translation_table.o" "../src/xfsbl_translation_table.S"
../src/xfsbl_translation_table.S:111:2: warning: #warning "There's no DDR_1 in the HW design. MMU translation table marks 32 GB DDR address space as undefined" [-Wcpp]
 #warning "There's no DDR_1 in the HW design. MMU translation table marks 32 GB DDR address space as undefined"
  ^~~~~~~
'Finished building: ../src/xfsbl_translation_table.S'
' '
'Building file: ../src/xfsbl_usb.c'
'Invoking: ARM v8 gcc compiler'
aarch64-none-elf-gcc -DARMA53_64 -Wall -O0 -g3 -I"F:\postureRec\posture_rec_system\posture_rec_system.sdk\top_hw_platform_0" -c -fmessage-length=0 -MT"src/xfsbl_usb.o" -Os -flto -ffat-lto-objects -I../../fsbl_bsp/psu_cortexa53_0/include -MMD -MP -MF"src/xfsbl_usb.d" -MT"src/xfsbl_usb.o" -o "src/xfsbl_usb.o" "../src/xfsbl_usb.c"
'Finished building: ../src/xfsbl_usb.c'
' '
'Building target: fsbl.elf'
'Invoking: ARM v8 gcc linker'
aarch64-none-elf-gcc -Wl,-T -Wl,../src/lscript.ld -L../../fsbl_bsp/psu_cortexa53_0/lib -o "fsbl.elf"  ./src/psu_init.o ./src/xfsbl_authentication.o ./src/xfsbl_board.o ./src/xfsbl_bs.o ./src/xfsbl_csu_dma.o ./src/xfsbl_dfu_util.o ./src/xfsbl_exit.o ./src/xfsbl_handoff.o ./src/xfsbl_hooks.o ./src/xfsbl_image_header.o ./src/xfsbl_initialization.o ./src/xfsbl_main.o ./src/xfsbl_misc.o ./src/xfsbl_misc_drivers.o ./src/xfsbl_nand.o ./src/xfsbl_partition_load.o ./src/xfsbl_plpartition_valid.o ./src/xfsbl_qspi.o ./src/xfsbl_rsa_sha.o ./src/xfsbl_sd.o ./src/xfsbl_translation_table.o ./src/xfsbl_usb.o   -Wl,--start-group,-lxil,-lgcc,-lc,--end-group -Wl,--start-group,-lxilffs,-lxil,-lgcc,-lc,--end-group -Wl,--start-group,-lxilsecure,-lxil,-lgcc,-lc,--end-group -Wl,--start-group,-lxilpm,-lxil,-lgcc,-lc,--end-group -n
'Finished building target: fsbl.elf'
' '
'Invoking: ARM v8 Print Size'
aarch64-none-elf-size fsbl.elf  |tee "fsbl.elf.size"
   text	   data	    bss	    dec	    hex	filename
  87028	   4848	  85984	 177860	  2b6c4	fsbl.elf
'Finished building: fsbl.elf.size'
' '
13:32:26 **** Build of project pmu_bsp ****
make -k all 
"Running Make include in psu_pmu_0/libsrc/avbuf_v1_0/src"
make -C psu_pmu_0/libsrc/avbuf_v1_0/src -s include  "SHELL=CMD" "COMPILER=mb-gcc" "ARCHIVER=mb-ar" "COMPILER_FLAGS=  -O2 -c -mcpu=v9.2 -mlittle-endian -mxl-barrel-shift -mxl-pattern-compare -mxl-soft-mul" "EXTRA_COMPILER_FLAGS=-ffunction-sections -fdata-sections -Wall -Wextra"
"Running Make include in psu_pmu_0/libsrc/axipmon_v6_6/src"
make -C psu_pmu_0/libsrc/axipmon_v6_6/src -s include  "SHELL=CMD" "COMPILER=mb-gcc" "ARCHIVER=mb-ar" "COMPILER_FLAGS=  -O2 -c -mcpu=v9.2 -mlittle-endian -mxl-barrel-shift -mxl-pattern-compare -mxl-soft-mul" "EXTRA_COMPILER_FLAGS=-ffunction-sections -fdata-sections -Wall -Wextra"
"Running Make include in psu_pmu_0/libsrc/cpu_v2_6/src"
make -C psu_pmu_0/libsrc/cpu_v2_6/src -s include  "SHELL=CMD" "COMPILER=mb-gcc" "ARCHIVER=mb-ar" "COMPILER_FLAGS=  -O2 -c -mcpu=v9.2 -mlittle-endian -mxl-barrel-shift -mxl-pattern-compare -mxl-soft-mul" "EXTRA_COMPILER_FLAGS=-ffunction-sections -fdata-sections -Wall -Wextra"
"Running Make include in psu_pmu_0/libsrc/csudma_v1_1/src"
make -C psu_pmu_0/libsrc/csudma_v1_1/src -s include  "SHELL=CMD" "COMPILER=mb-gcc" "ARCHIVER=mb-ar" "COMPILER_FLAGS=  -O2 -c -mcpu=v9.2 -mlittle-endian -mxl-barrel-shift -mxl-pattern-compare -mxl-soft-mul" "EXTRA_COMPILER_FLAGS=-ffunction-sections -fdata-sections -Wall -Wextra"
"Running Make include in psu_pmu_0/libsrc/ddrcpsu_v1_1/src"
make -C psu_pmu_0/libsrc/ddrcpsu_v1_1/src -s include  "SHELL=CMD" "COMPILER=mb-gcc" "ARCHIVER=mb-ar" "COMPILER_FLAGS=  -O2 -c -mcpu=v9.2 -mlittle-endian -mxl-barrel-shift -mxl-pattern-compare -mxl-soft-mul" "EXTRA_COMPILER_FLAGS=-ffunction-sections -fdata-sections -Wall -Wextra"
"Running Make include in psu_pmu_0/libsrc/dpdma_v1_0/src"
make -C psu_pmu_0/libsrc/dpdma_v1_0/src -s include  "SHELL=CMD" "COMPILER=mb-gcc" "ARCHIVER=mb-ar" "COMPILER_FLAGS=  -O2 -c -mcpu=v9.2 -mlittle-endian -mxl-barrel-shift -mxl-pattern-compare -mxl-soft-mul" "EXTRA_COMPILER_FLAGS=-ffunction-sections -fdata-sections -Wall -Wextra"
"Running Make include in psu_pmu_0/libsrc/emacps_v3_5/src"
make -C psu_pmu_0/libsrc/emacps_v3_5/src -s include  "SHELL=CMD" "COMPILER=mb-gcc" "ARCHIVER=mb-ar" "COMPILER_FLAGS=  -O2 -c -mcpu=v9.2 -mlittle-endian -mxl-barrel-shift -mxl-pattern-compare -mxl-soft-mul" "EXTRA_COMPILER_FLAGS=-ffunction-sections -fdata-sections -Wall -Wextra"
"Running Make include in psu_pmu_0/libsrc/gpio_v4_3/src"
make -C psu_pmu_0/libsrc/gpio_v4_3/src -s include  "SHELL=CMD" "COMPILER=mb-gcc" "ARCHIVER=mb-ar" "COMPILER_FLAGS=  -O2 -c -mcpu=v9.2 -mlittle-endian -mxl-barrel-shift -mxl-pattern-compare -mxl-soft-mul" "EXTRA_COMPILER_FLAGS=-ffunction-sections -fdata-sections -Wall -Wextra"
"Running Make include in psu_pmu_0/libsrc/gpiops_v3_3/src"
make -C psu_pmu_0/libsrc/gpiops_v3_3/src -s include  "SHELL=CMD" "COMPILER=mb-gcc" "ARCHIVER=mb-ar" "COMPILER_FLAGS=  -O2 -c -mcpu=v9.2 -mlittle-endian -mxl-barrel-shift -mxl-pattern-compare -mxl-soft-mul" "EXTRA_COMPILER_FLAGS=-ffunction-sections -fdata-sections -Wall -Wextra"
"Running Make include in psu_pmu_0/libsrc/iicps_v3_5/src"
make -C psu_pmu_0/libsrc/iicps_v3_5/src -s include  "SHELL=CMD" "COMPILER=mb-gcc" "ARCHIVER=mb-ar" "COMPILER_FLAGS=  -O2 -c -mcpu=v9.2 -mlittle-endian -mxl-barrel-shift -mxl-pattern-compare -mxl-soft-mul" "EXTRA_COMPILER_FLAGS=-ffunction-sections -fdata-sections -Wall -Wextra"
"Running Make include in psu_pmu_0/libsrc/ipipsu_v2_3/src"
make -C psu_pmu_0/libsrc/ipipsu_v2_3/src -s include  "SHELL=CMD" "COMPILER=mb-gcc" "ARCHIVER=mb-ar" "COMPILER_FLAGS=  -O2 -c -mcpu=v9.2 -mlittle-endian -mxl-barrel-shift -mxl-pattern-compare -mxl-soft-mul" "EXTRA_COMPILER_FLAGS=-ffunction-sections -fdata-sections -Wall -Wextra"
"Running Make include in psu_pmu_0/libsrc/qspipsu_v1_5/src"
make -C psu_pmu_0/libsrc/qspipsu_v1_5/src -s include  "SHELL=CMD" "COMPILER=mb-gcc" "ARCHIVER=mb-ar" "COMPILER_FLAGS=  -O2 -c -mcpu=v9.2 -mlittle-endian -mxl-barrel-shift -mxl-pattern-compare -mxl-soft-mul" "EXTRA_COMPILER_FLAGS=-ffunction-sections -fdata-sections -Wall -Wextra"
"Running Make include in psu_pmu_0/libsrc/rtcpsu_v1_5/src"
make -C psu_pmu_0/libsrc/rtcpsu_v1_5/src -s include  "SHELL=CMD" "COMPILER=mb-gcc" "ARCHIVER=mb-ar" "COMPILER_FLAGS=  -O2 -c -mcpu=v9.2 -mlittle-endian -mxl-barrel-shift -mxl-pattern-compare -mxl-soft-mul" "EXTRA_COMPILER_FLAGS=-ffunction-sections -fdata-sections -Wall -Wextra"
"Running Make include in psu_pmu_0/libsrc/sdps_v3_3/src"
make -C psu_pmu_0/libsrc/sdps_v3_3/src -s include  "SHELL=CMD" "COMPILER=mb-gcc" "ARCHIVER=mb-ar" "COMPILER_FLAGS=  -O2 -c -mcpu=v9.2 -mlittle-endian -mxl-barrel-shift -mxl-pattern-compare -mxl-soft-mul" "EXTRA_COMPILER_FLAGS=-ffunction-sections -fdata-sections -Wall -Wextra"
"Running Make include in psu_pmu_0/libsrc/standalone_v6_4/src"
make -C psu_pmu_0/libsrc/standalone_v6_4/src -s include  "SHELL=CMD" "COMPILER=mb-gcc" "ARCHIVER=mb-ar" "COMPILER_FLAGS=  -O2 -c -mcpu=v9.2 -mlittle-endian -mxl-barrel-shift -mxl-pattern-compare -mxl-soft-mul" "EXTRA_COMPILER_FLAGS=-ffunction-sections -fdata-sections -Wall -Wextra"
"Running Make include in psu_pmu_0/libsrc/sysmonpsu_v2_2/src"
make -C psu_pmu_0/libsrc/sysmonpsu_v2_2/src -s include  "SHELL=CMD" "COMPILER=mb-gcc" "ARCHIVER=mb-ar" "COMPILER_FLAGS=  -O2 -c -mcpu=v9.2 -mlittle-endian -mxl-barrel-shift -mxl-pattern-compare -mxl-soft-mul" "EXTRA_COMPILER_FLAGS=-ffunction-sections -fdata-sections -Wall -Wextra"
"Running Make include in psu_pmu_0/libsrc/uartps_v3_4/src"
make -C psu_pmu_0/libsrc/uartps_v3_4/src -s include  "SHELL=CMD" "COMPILER=mb-gcc" "ARCHIVER=mb-ar" "COMPILER_FLAGS=  -O2 -c -mcpu=v9.2 -mlittle-endian -mxl-barrel-shift -mxl-pattern-compare -mxl-soft-mul" "EXTRA_COMPILER_FLAGS=-ffunction-sections -fdata-sections -Wall -Wextra"
"Running Make include in psu_pmu_0/libsrc/usbpsu_v1_3/src"
make -C psu_pmu_0/libsrc/usbpsu_v1_3/src -s include  "SHELL=CMD" "COMPILER=mb-gcc" "ARCHIVER=mb-ar" "COMPILER_FLAGS=  -O2 -c -mcpu=v9.2 -mlittle-endian -mxl-barrel-shift -mxl-pattern-compare -mxl-soft-mul" "EXTRA_COMPILER_FLAGS=-ffunction-sections -fdata-sections -Wall -Wextra"
"Running Make include in psu_pmu_0/libsrc/video_common_v4_2/src"
make -C psu_pmu_0/libsrc/video_common_v4_2/src -s include  "SHELL=CMD" "COMPILER=mb-gcc" "ARCHIVER=mb-ar" "COMPILER_FLAGS=  -O2 -c -mcpu=v9.2 -mlittle-endian -mxl-barrel-shift -mxl-pattern-compare -mxl-soft-mul" "EXTRA_COMPILER_FLAGS=-ffunction-sections -fdata-sections -Wall -Wextra"
"Running Make include in psu_pmu_0/libsrc/xilfpga_v3_0/src"
make -C psu_pmu_0/libsrc/xilfpga_v3_0/src -s include  "SHELL=CMD" "COMPILER=mb-gcc" "ARCHIVER=mb-ar" "COMPILER_FLAGS=  -O2 -c -mcpu=v9.2 -mlittle-endian -mxl-barrel-shift -mxl-pattern-compare -mxl-soft-mul" "EXTRA_COMPILER_FLAGS=-ffunction-sections -fdata-sections -Wall -Wextra"
"Running Make include in psu_pmu_0/libsrc/xilsecure_v2_2/src"
make -C psu_pmu_0/libsrc/xilsecure_v2_2/src -s include  "SHELL=CMD" "COMPILER=mb-gcc" "ARCHIVER=mb-ar" "COMPILER_FLAGS=  -O2 -c -mcpu=v9.2 -mlittle-endian -mxl-barrel-shift -mxl-pattern-compare -mxl-soft-mul" "EXTRA_COMPILER_FLAGS=-ffunction-sections -fdata-sections -Wall -Wextra"
"Running Make include in psu_pmu_0/libsrc/zdma_v1_3/src"
make -C psu_pmu_0/libsrc/zdma_v1_3/src -s include  "SHELL=CMD" "COMPILER=mb-gcc" "ARCHIVER=mb-ar" "COMPILER_FLAGS=  -O2 -c -mcpu=v9.2 -mlittle-endian -mxl-barrel-shift -mxl-pattern-compare -mxl-soft-mul" "EXTRA_COMPILER_FLAGS=-ffunction-sections -fdata-sections -Wall -Wextra"
"Running Make libs in psu_pmu_0/libsrc/avbuf_v1_0/src"
make -C psu_pmu_0/libsrc/avbuf_v1_0/src -s libs  "SHELL=CMD" "COMPILER=mb-gcc" "ARCHIVER=mb-ar" "COMPILER_FLAGS=  -O2 -c -mcpu=v9.2 -mlittle-endian -mxl-barrel-shift -mxl-pattern-compare -mxl-soft-mul" "EXTRA_COMPILER_FLAGS=-ffunction-sections -fdata-sections -Wall -Wextra"
"Compiling avbuf"
mb-ar: creating ../../../lib/libxil.a
"Running Make libs in psu_pmu_0/libsrc/axipmon_v6_6/src"
make -C psu_pmu_0/libsrc/axipmon_v6_6/src -s libs  "SHELL=CMD" "COMPILER=mb-gcc" "ARCHIVER=mb-ar" "COMPILER_FLAGS=  -O2 -c -mcpu=v9.2 -mlittle-endian -mxl-barrel-shift -mxl-pattern-compare -mxl-soft-mul" "EXTRA_COMPILER_FLAGS=-ffunction-sections -fdata-sections -Wall -Wextra"
"Compiling axipmon"
"Running Make libs in psu_pmu_0/libsrc/cpu_v2_6/src"
make -C psu_pmu_0/libsrc/cpu_v2_6/src -s libs  "SHELL=CMD" "COMPILER=mb-gcc" "ARCHIVER=mb-ar" "COMPILER_FLAGS=  -O2 -c -mcpu=v9.2 -mlittle-endian -mxl-barrel-shift -mxl-pattern-compare -mxl-soft-mul" "EXTRA_COMPILER_FLAGS=-ffunction-sections -fdata-sections -Wall -Wextra"
"Compiling cpu"
"Running Make libs in psu_pmu_0/libsrc/csudma_v1_1/src"
make -C psu_pmu_0/libsrc/csudma_v1_1/src -s libs  "SHELL=CMD" "COMPILER=mb-gcc" "ARCHIVER=mb-ar" "COMPILER_FLAGS=  -O2 -c -mcpu=v9.2 -mlittle-endian -mxl-barrel-shift -mxl-pattern-compare -mxl-soft-mul" "EXTRA_COMPILER_FLAGS=-ffunction-sections -fdata-sections -Wall -Wextra"
"Compiling csudma"
"Running Make libs in psu_pmu_0/libsrc/ddrcpsu_v1_1/src"
make -C psu_pmu_0/libsrc/ddrcpsu_v1_1/src -s libs  "SHELL=CMD" "COMPILER=mb-gcc" "ARCHIVER=mb-ar" "COMPILER_FLAGS=  -O2 -c -mcpu=v9.2 -mlittle-endian -mxl-barrel-shift -mxl-pattern-compare -mxl-soft-mul" "EXTRA_COMPILER_FLAGS=-ffunction-sections -fdata-sections -Wall -Wextra"
"Compiling ddrcpsu"
"Running Make libs in psu_pmu_0/libsrc/dpdma_v1_0/src"
make -C psu_pmu_0/libsrc/dpdma_v1_0/src -s libs  "SHELL=CMD" "COMPILER=mb-gcc" "ARCHIVER=mb-ar" "COMPILER_FLAGS=  -O2 -c -mcpu=v9.2 -mlittle-endian -mxl-barrel-shift -mxl-pattern-compare -mxl-soft-mul" "EXTRA_COMPILER_FLAGS=-ffunction-sections -fdata-sections -Wall -Wextra"
"Compiling dpdma"
In file included from xdpdma.h:59:0,
                 from xdpdma.c:49:
xdpdma.c: In function 'XDpDma_SetDescriptorAddress':
xdpdma.c:272:24: warning: right shift count >= width of type [-Wshift-count-overflow]
    (INTPTR) Descriptor >> 32);
                        ^
xdpdma_hw.h:1777:48: note: in definition of macro 'XDpDma_WriteReg'
     XDpDma_Out32((BaseAddress) + (RegOffset), (Data))
                                                ^~~~
xdpdma.c: In function 'XDpDma_SetupAudioDescriptor':
xdpdma.c:316:28: warning: right shift count >= width of type [-Wshift-count-overflow]
         ((INTPTR) NextDesc >>
                            ^~
xdpdma.c: In function 'XDpDma_InitVideoDescriptor':
xdpdma.c:661:24: warning: right shift count >= width of type [-Wshift-count-overflow]
     ((INTPTR) CurrDesc >>
                        ^~
xdpdma.c: In function 'XDpDma_PlayAudio':
xdpdma.c:858:36: warning: right shift count >= width of type [-Wshift-count-overflow]
     (INTPTR) &Channel->Descriptor4 >> 32;
                                    ^~
xdpdma.c:884:36: warning: right shift count >= width of type [-Wshift-count-overflow]
     (INTPTR) &Channel->Descriptor0 >> 32;
                                    ^~
"Running Make libs in psu_pmu_0/libsrc/emacps_v3_5/src"
make -C psu_pmu_0/libsrc/emacps_v3_5/src -s libs  "SHELL=CMD" "COMPILER=mb-gcc" "ARCHIVER=mb-ar" "COMPILER_FLAGS=  -O2 -c -mcpu=v9.2 -mlittle-endian -mxl-barrel-shift -mxl-pattern-compare -mxl-soft-mul" "EXTRA_COMPILER_FLAGS=-ffunction-sections -fdata-sections -Wall -Wextra"
"Compiling emacps"
"Running Make libs in psu_pmu_0/libsrc/gpio_v4_3/src"
make -C psu_pmu_0/libsrc/gpio_v4_3/src -s libs  "SHELL=CMD" "COMPILER=mb-gcc" "ARCHIVER=mb-ar" "COMPILER_FLAGS=  -O2 -c -mcpu=v9.2 -mlittle-endian -mxl-barrel-shift -mxl-pattern-compare -mxl-soft-mul" "EXTRA_COMPILER_FLAGS=-ffunction-sections -fdata-sections -Wall -Wextra"
"Compiling gpio"
"Running Make libs in psu_pmu_0/libsrc/gpiops_v3_3/src"
make -C psu_pmu_0/libsrc/gpiops_v3_3/src -s libs  "SHELL=CMD" "COMPILER=mb-gcc" "ARCHIVER=mb-ar" "COMPILER_FLAGS=  -O2 -c -mcpu=v9.2 -mlittle-endian -mxl-barrel-shift -mxl-pattern-compare -mxl-soft-mul" "EXTRA_COMPILER_FLAGS=-ffunction-sections -fdata-sections -Wall -Wextra"
"Compiling gpiops"
"Running Make libs in psu_pmu_0/libsrc/iicps_v3_5/src"
make -C psu_pmu_0/libsrc/iicps_v3_5/src -s libs  "SHELL=CMD" "COMPILER=mb-gcc" "ARCHIVER=mb-ar" "COMPILER_FLAGS=  -O2 -c -mcpu=v9.2 -mlittle-endian -mxl-barrel-shift -mxl-pattern-compare -mxl-soft-mul" "EXTRA_COMPILER_FLAGS=-ffunction-sections -fdata-sections -Wall -Wextra"
"Compiling iicps"
"Running Make libs in psu_pmu_0/libsrc/ipipsu_v2_3/src"
make -C psu_pmu_0/libsrc/ipipsu_v2_3/src -s libs  "SHELL=CMD" "COMPILER=mb-gcc" "ARCHIVER=mb-ar" "COMPILER_FLAGS=  -O2 -c -mcpu=v9.2 -mlittle-endian -mxl-barrel-shift -mxl-pattern-compare -mxl-soft-mul" "EXTRA_COMPILER_FLAGS=-ffunction-sections -fdata-sections -Wall -Wextra"
"Compiling ipipsu"
"Running Make libs in psu_pmu_0/libsrc/qspipsu_v1_5/src"
make -C psu_pmu_0/libsrc/qspipsu_v1_5/src -s libs  "SHELL=CMD" "COMPILER=mb-gcc" "ARCHIVER=mb-ar" "COMPILER_FLAGS=  -O2 -c -mcpu=v9.2 -mlittle-endian -mxl-barrel-shift -mxl-pattern-compare -mxl-soft-mul" "EXTRA_COMPILER_FLAGS=-ffunction-sections -fdata-sections -Wall -Wextra"
"Compiling qspipsu"
"Running Make libs in psu_pmu_0/libsrc/rtcpsu_v1_5/src"
make -C psu_pmu_0/libsrc/rtcpsu_v1_5/src -s libs  "SHELL=CMD" "COMPILER=mb-gcc" "ARCHIVER=mb-ar" "COMPILER_FLAGS=  -O2 -c -mcpu=v9.2 -mlittle-endian -mxl-barrel-shift -mxl-pattern-compare -mxl-soft-mul" "EXTRA_COMPILER_FLAGS=-ffunction-sections -fdata-sections -Wall -Wextra"
"Compiling rtcpsu"
"Running Make libs in psu_pmu_0/libsrc/sdps_v3_3/src"
make -C psu_pmu_0/libsrc/sdps_v3_3/src -s libs  "SHELL=CMD" "COMPILER=mb-gcc" "ARCHIVER=mb-ar" "COMPILER_FLAGS=  -O2 -c -mcpu=v9.2 -mlittle-endian -mxl-barrel-shift -mxl-pattern-compare -mxl-soft-mul" "EXTRA_COMPILER_FLAGS=-ffunction-sections -fdata-sections -Wall -Wextra"
"Compiling sdps"
"Running Make libs in psu_pmu_0/libsrc/standalone_v6_4/src"
make -C psu_pmu_0/libsrc/standalone_v6_4/src -s libs  "SHELL=CMD" "COMPILER=mb-gcc" "ARCHIVER=mb-ar" "COMPILER_FLAGS=  -O2 -c -mcpu=v9.2 -mlittle-endian -mxl-barrel-shift -mxl-pattern-compare -mxl-soft-mul" "EXTRA_COMPILER_FLAGS=-ffunction-sections -fdata-sections -Wall -Wextra"
"Compiling standalone";
"Running Make libs in psu_pmu_0/libsrc/sysmonpsu_v2_2/src"
make -C psu_pmu_0/libsrc/sysmonpsu_v2_2/src -s libs  "SHELL=CMD" "COMPILER=mb-gcc" "ARCHIVER=mb-ar" "COMPILER_FLAGS=  -O2 -c -mcpu=v9.2 -mlittle-endian -mxl-barrel-shift -mxl-pattern-compare -mxl-soft-mul" "EXTRA_COMPILER_FLAGS=-ffunction-sections -fdata-sections -Wall -Wextra"
"Compiling sysmonpsu"
"Running Make libs in psu_pmu_0/libsrc/uartps_v3_4/src"
make -C psu_pmu_0/libsrc/uartps_v3_4/src -s libs  "SHELL=CMD" "COMPILER=mb-gcc" "ARCHIVER=mb-ar" "COMPILER_FLAGS=  -O2 -c -mcpu=v9.2 -mlittle-endian -mxl-barrel-shift -mxl-pattern-compare -mxl-soft-mul" "EXTRA_COMPILER_FLAGS=-ffunction-sections -fdata-sections -Wall -Wextra"
"Compiling uartps"
"Running Make libs in psu_pmu_0/libsrc/usbpsu_v1_3/src"
make -C psu_pmu_0/libsrc/usbpsu_v1_3/src -s libs  "SHELL=CMD" "COMPILER=mb-gcc" "ARCHIVER=mb-ar" "COMPILER_FLAGS=  -O2 -c -mcpu=v9.2 -mlittle-endian -mxl-barrel-shift -mxl-pattern-compare -mxl-soft-mul" "EXTRA_COMPILER_FLAGS=-ffunction-sections -fdata-sections -Wall -Wextra"
"Compiling usbpsu"
"Running Make libs in psu_pmu_0/libsrc/video_common_v4_2/src"
make -C psu_pmu_0/libsrc/video_common_v4_2/src -s libs  "SHELL=CMD" "COMPILER=mb-gcc" "ARCHIVER=mb-ar" "COMPILER_FLAGS=  -O2 -c -mcpu=v9.2 -mlittle-endian -mxl-barrel-shift -mxl-pattern-compare -mxl-soft-mul" "EXTRA_COMPILER_FLAGS=-ffunction-sections -fdata-sections -Wall -Wextra"
"Compiling video_common"
"Running Make libs in psu_pmu_0/libsrc/xilfpga_v3_0/src"
make -C psu_pmu_0/libsrc/xilfpga_v3_0/src -s libs  "SHELL=CMD" "COMPILER=mb-gcc" "ARCHIVER=mb-ar" "COMPILER_FLAGS=  -O2 -c -mcpu=v9.2 -mlittle-endian -mxl-barrel-shift -mxl-pattern-compare -mxl-soft-mul" "EXTRA_COMPILER_FLAGS=-ffunction-sections -fdata-sections -Wall -Wextra"
"Compiling xilfpga Library"
"Running Make libs in psu_pmu_0/libsrc/xilsecure_v2_2/src"
make -C psu_pmu_0/libsrc/xilsecure_v2_2/src -s libs  "SHELL=CMD" "COMPILER=mb-gcc" "ARCHIVER=mb-ar" "COMPILER_FLAGS=  -O2 -c -mcpu=v9.2 -mlittle-endian -mxl-barrel-shift -mxl-pattern-compare -mxl-soft-mul" "EXTRA_COMPILER_FLAGS=-ffunction-sections -fdata-sections -Wall -Wextra"
"Compiling XilSecure Library"
"Running Make libs in psu_pmu_0/libsrc/zdma_v1_3/src"
make -C psu_pmu_0/libsrc/zdma_v1_3/src -s libs  "SHELL=CMD" "COMPILER=mb-gcc" "ARCHIVER=mb-ar" "COMPILER_FLAGS=  -O2 -c -mcpu=v9.2 -mlittle-endian -mxl-barrel-shift -mxl-pattern-compare -mxl-soft-mul" "EXTRA_COMPILER_FLAGS=-ffunction-sections -fdata-sections -Wall -Wextra"
"Compiling zdma"
'Finished building libraries'
13:32:48 **** Build of configuration Debug for project pmu ****
make all 
'Building file: ../src/idle_hooks.c'
'Invoking: MicroBlaze gcc compiler'
mb-gcc -Wall -O0 -g3 -c -fmessage-length=0 -MT"src/idle_hooks.o" -Os -flto -ffat-lto-objects -I../../pmu_bsp/psu_pmu_0/include -mlittle-endian -mxl-barrel-shift -mxl-pattern-compare -mcpu=v9.2 -mxl-soft-mul -Wl,--no-relax -ffunction-sections -fdata-sections -MMD -MP -MF"src/idle_hooks.d" -MT"src/idle_hooks.o" -o "src/idle_hooks.o" "../src/idle_hooks.c"
'Finished building: ../src/idle_hooks.c'
' '
'Building file: ../src/pm_api.c'
'Invoking: MicroBlaze gcc compiler'
mb-gcc -Wall -O0 -g3 -c -fmessage-length=0 -MT"src/pm_api.o" -Os -flto -ffat-lto-objects -I../../pmu_bsp/psu_pmu_0/include -mlittle-endian -mxl-barrel-shift -mxl-pattern-compare -mcpu=v9.2 -mxl-soft-mul -Wl,--no-relax -ffunction-sections -fdata-sections -MMD -MP -MF"src/pm_api.d" -MT"src/pm_api.o" -o "src/pm_api.o" "../src/pm_api.c"
'Finished building: ../src/pm_api.c'
' '
'Building file: ../src/pm_binding.c'
'Invoking: MicroBlaze gcc compiler'
mb-gcc -Wall -O0 -g3 -c -fmessage-length=0 -MT"src/pm_binding.o" -Os -flto -ffat-lto-objects -I../../pmu_bsp/psu_pmu_0/include -mlittle-endian -mxl-barrel-shift -mxl-pattern-compare -mcpu=v9.2 -mxl-soft-mul -Wl,--no-relax -ffunction-sections -fdata-sections -MMD -MP -MF"src/pm_binding.d" -MT"src/pm_binding.o" -o "src/pm_binding.o" "../src/pm_binding.c"
../src/pm_binding.c: In function 'XPfw_PmWakeHandler':
../src/pm_binding.c:172:9: warning: 'status' may be used uninitialized in this function [-Wmaybe-uninitialized]
  return status;
         ^~~~~~
'Finished building: ../src/pm_binding.c'
' '
'Building file: ../src/pm_callbacks.c'
'Invoking: MicroBlaze gcc compiler'
mb-gcc -Wall -O0 -g3 -c -fmessage-length=0 -MT"src/pm_callbacks.o" -Os -flto -ffat-lto-objects -I../../pmu_bsp/psu_pmu_0/include -mlittle-endian -mxl-barrel-shift -mxl-pattern-compare -mcpu=v9.2 -mxl-soft-mul -Wl,--no-relax -ffunction-sections -fdata-sections -MMD -MP -MF"src/pm_callbacks.d" -MT"src/pm_callbacks.o" -o "src/pm_callbacks.o" "../src/pm_callbacks.c"
'Finished building: ../src/pm_callbacks.c'
' '
'Building file: ../src/pm_clock.c'
'Invoking: MicroBlaze gcc compiler'
mb-gcc -Wall -O0 -g3 -c -fmessage-length=0 -MT"src/pm_clock.o" -Os -flto -ffat-lto-objects -I../../pmu_bsp/psu_pmu_0/include -mlittle-endian -mxl-barrel-shift -mxl-pattern-compare -mcpu=v9.2 -mxl-soft-mul -Wl,--no-relax -ffunction-sections -fdata-sections -MMD -MP -MF"src/pm_clock.d" -MT"src/pm_clock.o" -o "src/pm_clock.o" "../src/pm_clock.c"
'Finished building: ../src/pm_clock.c'
' '
'Building file: ../src/pm_common.c'
'Invoking: MicroBlaze gcc compiler'
mb-gcc -Wall -O0 -g3 -c -fmessage-length=0 -MT"src/pm_common.o" -Os -flto -ffat-lto-objects -I../../pmu_bsp/psu_pmu_0/include -mlittle-endian -mxl-barrel-shift -mxl-pattern-compare -mcpu=v9.2 -mxl-soft-mul -Wl,--no-relax -ffunction-sections -fdata-sections -MMD -MP -MF"src/pm_common.d" -MT"src/pm_common.o" -o "src/pm_common.o" "../src/pm_common.c"
'Finished building: ../src/pm_common.c'
' '
'Building file: ../src/pm_config.c'
'Invoking: MicroBlaze gcc compiler'
mb-gcc -Wall -O0 -g3 -c -fmessage-length=0 -MT"src/pm_config.o" -Os -flto -ffat-lto-objects -I../../pmu_bsp/psu_pmu_0/include -mlittle-endian -mxl-barrel-shift -mxl-pattern-compare -mcpu=v9.2 -mxl-soft-mul -Wl,--no-relax -ffunction-sections -fdata-sections -MMD -MP -MF"src/pm_config.d" -MT"src/pm_config.o" -o "src/pm_config.o" "../src/pm_config.c"
../src/pm_config.c: In function 'PmConfigHeaderHandler':
../src/pm_config.c:456:6: warning: unused variable 'status' [-Wunused-variable]
  int status = XST_SUCCESS;
      ^~~~~~
../src/pm_config.c: In function 'PmConfigLoadObject':
../src/pm_config.c:535:9: warning: unused variable 'remWords' [-Wunused-variable]
  u32 i, remWords;
         ^~~~~~~~
'Finished building: ../src/pm_config.c'
' '
'Building file: ../src/pm_core.c'
'Invoking: MicroBlaze gcc compiler'
mb-gcc -Wall -O0 -g3 -c -fmessage-length=0 -MT"src/pm_core.o" -Os -flto -ffat-lto-objects -I../../pmu_bsp/psu_pmu_0/include -mlittle-endian -mxl-barrel-shift -mxl-pattern-compare -mcpu=v9.2 -mxl-soft-mul -Wl,--no-relax -ffunction-sections -fdata-sections -MMD -MP -MF"src/pm_core.d" -MT"src/pm_core.o" -o "src/pm_core.o" "../src/pm_core.c"
'Finished building: ../src/pm_core.c'
' '
'Building file: ../src/pm_ddr.c'
'Invoking: MicroBlaze gcc compiler'
mb-gcc -Wall -O0 -g3 -c -fmessage-length=0 -MT"src/pm_ddr.o" -Os -flto -ffat-lto-objects -I../../pmu_bsp/psu_pmu_0/include -mlittle-endian -mxl-barrel-shift -mxl-pattern-compare -mcpu=v9.2 -mxl-soft-mul -Wl,--no-relax -ffunction-sections -fdata-sections -MMD -MP -MF"src/pm_ddr.d" -MT"src/pm_ddr.o" -o "src/pm_ddr.o" "../src/pm_ddr.c"
'Finished building: ../src/pm_ddr.c'
' '
'Building file: ../src/pm_extern.c'
'Invoking: MicroBlaze gcc compiler'
mb-gcc -Wall -O0 -g3 -c -fmessage-length=0 -MT"src/pm_extern.o" -Os -flto -ffat-lto-objects -I../../pmu_bsp/psu_pmu_0/include -mlittle-endian -mxl-barrel-shift -mxl-pattern-compare -mcpu=v9.2 -mxl-soft-mul -Wl,--no-relax -ffunction-sections -fdata-sections -MMD -MP -MF"src/pm_extern.d" -MT"src/pm_extern.o" -o "src/pm_extern.o" "../src/pm_extern.c"
'Finished building: ../src/pm_extern.c'
' '
'Building file: ../src/pm_gic_proxy.c'
'Invoking: MicroBlaze gcc compiler'
mb-gcc -Wall -O0 -g3 -c -fmessage-length=0 -MT"src/pm_gic_proxy.o" -Os -flto -ffat-lto-objects -I../../pmu_bsp/psu_pmu_0/include -mlittle-endian -mxl-barrel-shift -mxl-pattern-compare -mcpu=v9.2 -mxl-soft-mul -Wl,--no-relax -ffunction-sections -fdata-sections -MMD -MP -MF"src/pm_gic_proxy.d" -MT"src/pm_gic_proxy.o" -o "src/pm_gic_proxy.o" "../src/pm_gic_proxy.c"
'Finished building: ../src/pm_gic_proxy.c'
' '
'Building file: ../src/pm_gpp.c'
'Invoking: MicroBlaze gcc compiler'
mb-gcc -Wall -O0 -g3 -c -fmessage-length=0 -MT"src/pm_gpp.o" -Os -flto -ffat-lto-objects -I../../pmu_bsp/psu_pmu_0/include -mlittle-endian -mxl-barrel-shift -mxl-pattern-compare -mcpu=v9.2 -mxl-soft-mul -Wl,--no-relax -ffunction-sections -fdata-sections -MMD -MP -MF"src/pm_gpp.d" -MT"src/pm_gpp.o" -o "src/pm_gpp.o" "../src/pm_gpp.c"
'Finished building: ../src/pm_gpp.c'
' '
'Building file: ../src/pm_master.c'
'Invoking: MicroBlaze gcc compiler'
mb-gcc -Wall -O0 -g3 -c -fmessage-length=0 -MT"src/pm_master.o" -Os -flto -ffat-lto-objects -I../../pmu_bsp/psu_pmu_0/include -mlittle-endian -mxl-barrel-shift -mxl-pattern-compare -mcpu=v9.2 -mxl-soft-mul -Wl,--no-relax -ffunction-sections -fdata-sections -MMD -MP -MF"src/pm_master.d" -MT"src/pm_master.o" -o "src/pm_master.o" "../src/pm_master.c"
'Finished building: ../src/pm_master.c'
' '
'Building file: ../src/pm_mmio_access.c'
'Invoking: MicroBlaze gcc compiler'
mb-gcc -Wall -O0 -g3 -c -fmessage-length=0 -MT"src/pm_mmio_access.o" -Os -flto -ffat-lto-objects -I../../pmu_bsp/psu_pmu_0/include -mlittle-endian -mxl-barrel-shift -mxl-pattern-compare -mcpu=v9.2 -mxl-soft-mul -Wl,--no-relax -ffunction-sections -fdata-sections -MMD -MP -MF"src/pm_mmio_access.d" -MT"src/pm_mmio_access.o" -o "src/pm_mmio_access.o" "../src/pm_mmio_access.c"
'Finished building: ../src/pm_mmio_access.c'
' '
'Building file: ../src/pm_node.c'
'Invoking: MicroBlaze gcc compiler'
mb-gcc -Wall -O0 -g3 -c -fmessage-length=0 -MT"src/pm_node.o" -Os -flto -ffat-lto-objects -I../../pmu_bsp/psu_pmu_0/include -mlittle-endian -mxl-barrel-shift -mxl-pattern-compare -mcpu=v9.2 -mxl-soft-mul -Wl,--no-relax -ffunction-sections -fdata-sections -MMD -MP -MF"src/pm_node.d" -MT"src/pm_node.o" -o "src/pm_node.o" "../src/pm_node.c"
'Finished building: ../src/pm_node.c'
' '
'Building file: ../src/pm_node_reset.c'
'Invoking: MicroBlaze gcc compiler'
mb-gcc -Wall -O0 -g3 -c -fmessage-length=0 -MT"src/pm_node_reset.o" -Os -flto -ffat-lto-objects -I../../pmu_bsp/psu_pmu_0/include -mlittle-endian -mxl-barrel-shift -mxl-pattern-compare -mcpu=v9.2 -mxl-soft-mul -Wl,--no-relax -ffunction-sections -fdata-sections -MMD -MP -MF"src/pm_node_reset.d" -MT"src/pm_node_reset.o" -o "src/pm_node_reset.o" "../src/pm_node_reset.c"
'Finished building: ../src/pm_node_reset.c'
' '
'Building file: ../src/pm_notifier.c'
'Invoking: MicroBlaze gcc compiler'
mb-gcc -Wall -O0 -g3 -c -fmessage-length=0 -MT"src/pm_notifier.o" -Os -flto -ffat-lto-objects -I../../pmu_bsp/psu_pmu_0/include -mlittle-endian -mxl-barrel-shift -mxl-pattern-compare -mcpu=v9.2 -mxl-soft-mul -Wl,--no-relax -ffunction-sections -fdata-sections -MMD -MP -MF"src/pm_notifier.d" -MT"src/pm_notifier.o" -o "src/pm_notifier.o" "../src/pm_notifier.c"
'Finished building: ../src/pm_notifier.c'
' '
'Building file: ../src/pm_periph.c'
'Invoking: MicroBlaze gcc compiler'
mb-gcc -Wall -O0 -g3 -c -fmessage-length=0 -MT"src/pm_periph.o" -Os -flto -ffat-lto-objects -I../../pmu_bsp/psu_pmu_0/include -mlittle-endian -mxl-barrel-shift -mxl-pattern-compare -mcpu=v9.2 -mxl-soft-mul -Wl,--no-relax -ffunction-sections -fdata-sections -MMD -MP -MF"src/pm_periph.d" -MT"src/pm_periph.o" -o "src/pm_periph.o" "../src/pm_periph.c"
'Finished building: ../src/pm_periph.c'
' '
'Building file: ../src/pm_pll.c'
'Invoking: MicroBlaze gcc compiler'
mb-gcc -Wall -O0 -g3 -c -fmessage-length=0 -MT"src/pm_pll.o" -Os -flto -ffat-lto-objects -I../../pmu_bsp/psu_pmu_0/include -mlittle-endian -mxl-barrel-shift -mxl-pattern-compare -mcpu=v9.2 -mxl-soft-mul -Wl,--no-relax -ffunction-sections -fdata-sections -MMD -MP -MF"src/pm_pll.d" -MT"src/pm_pll.o" -o "src/pm_pll.o" "../src/pm_pll.c"
'Finished building: ../src/pm_pll.c'
' '
'Building file: ../src/pm_power.c'
'Invoking: MicroBlaze gcc compiler'
mb-gcc -Wall -O0 -g3 -c -fmessage-length=0 -MT"src/pm_power.o" -Os -flto -ffat-lto-objects -I../../pmu_bsp/psu_pmu_0/include -mlittle-endian -mxl-barrel-shift -mxl-pattern-compare -mcpu=v9.2 -mxl-soft-mul -Wl,--no-relax -ffunction-sections -fdata-sections -MMD -MP -MF"src/pm_power.d" -MT"src/pm_power.o" -o "src/pm_power.o" "../src/pm_power.c"
'Finished building: ../src/pm_power.c'
' '
'Building file: ../src/pm_proc.c'
'Invoking: MicroBlaze gcc compiler'
mb-gcc -Wall -O0 -g3 -c -fmessage-length=0 -MT"src/pm_proc.o" -Os -flto -ffat-lto-objects -I../../pmu_bsp/psu_pmu_0/include -mlittle-endian -mxl-barrel-shift -mxl-pattern-compare -mcpu=v9.2 -mxl-soft-mul -Wl,--no-relax -ffunction-sections -fdata-sections -MMD -MP -MF"src/pm_proc.d" -MT"src/pm_proc.o" -o "src/pm_proc.o" "../src/pm_proc.c"
'Finished building: ../src/pm_proc.c'
' '
'Building file: ../src/pm_requirement.c'
'Invoking: MicroBlaze gcc compiler'
mb-gcc -Wall -O0 -g3 -c -fmessage-length=0 -MT"src/pm_requirement.o" -Os -flto -ffat-lto-objects -I../../pmu_bsp/psu_pmu_0/include -mlittle-endian -mxl-barrel-shift -mxl-pattern-compare -mcpu=v9.2 -mxl-soft-mul -Wl,--no-relax -ffunction-sections -fdata-sections -MMD -MP -MF"src/pm_requirement.d" -MT"src/pm_requirement.o" -o "src/pm_requirement.o" "../src/pm_requirement.c"
'Finished building: ../src/pm_requirement.c'
' '
'Building file: ../src/pm_reset.c'
'Invoking: MicroBlaze gcc compiler'
mb-gcc -Wall -O0 -g3 -c -fmessage-length=0 -MT"src/pm_reset.o" -Os -flto -ffat-lto-objects -I../../pmu_bsp/psu_pmu_0/include -mlittle-endian -mxl-barrel-shift -mxl-pattern-compare -mcpu=v9.2 -mxl-soft-mul -Wl,--no-relax -ffunction-sections -fdata-sections -MMD -MP -MF"src/pm_reset.d" -MT"src/pm_reset.o" -o "src/pm_reset.o" "../src/pm_reset.c"
'Finished building: ../src/pm_reset.c'
' '
'Building file: ../src/pm_slave.c'
'Invoking: MicroBlaze gcc compiler'
mb-gcc -Wall -O0 -g3 -c -fmessage-length=0 -MT"src/pm_slave.o" -Os -flto -ffat-lto-objects -I../../pmu_bsp/psu_pmu_0/include -mlittle-endian -mxl-barrel-shift -mxl-pattern-compare -mcpu=v9.2 -mxl-soft-mul -Wl,--no-relax -ffunction-sections -fdata-sections -MMD -MP -MF"src/pm_slave.d" -MT"src/pm_slave.o" -o "src/pm_slave.o" "../src/pm_slave.c"
'Finished building: ../src/pm_slave.c'
' '
'Building file: ../src/pm_sram.c'
'Invoking: MicroBlaze gcc compiler'
mb-gcc -Wall -O0 -g3 -c -fmessage-length=0 -MT"src/pm_sram.o" -Os -flto -ffat-lto-objects -I../../pmu_bsp/psu_pmu_0/include -mlittle-endian -mxl-barrel-shift -mxl-pattern-compare -mcpu=v9.2 -mxl-soft-mul -Wl,--no-relax -ffunction-sections -fdata-sections -MMD -MP -MF"src/pm_sram.d" -MT"src/pm_sram.o" -o "src/pm_sram.o" "../src/pm_sram.c"
'Finished building: ../src/pm_sram.c'
' '
'Building file: ../src/pm_system.c'
'Invoking: MicroBlaze gcc compiler'
mb-gcc -Wall -O0 -g3 -c -fmessage-length=0 -MT"src/pm_system.o" -Os -flto -ffat-lto-objects -I../../pmu_bsp/psu_pmu_0/include -mlittle-endian -mxl-barrel-shift -mxl-pattern-compare -mcpu=v9.2 -mxl-soft-mul -Wl,--no-relax -ffunction-sections -fdata-sections -MMD -MP -MF"src/pm_system.d" -MT"src/pm_system.o" -o "src/pm_system.o" "../src/pm_system.c"
'Finished building: ../src/pm_system.c'
' '
'Building file: ../src/pm_usb.c'
'Invoking: MicroBlaze gcc compiler'
mb-gcc -Wall -O0 -g3 -c -fmessage-length=0 -MT"src/pm_usb.o" -Os -flto -ffat-lto-objects -I../../pmu_bsp/psu_pmu_0/include -mlittle-endian -mxl-barrel-shift -mxl-pattern-compare -mcpu=v9.2 -mxl-soft-mul -Wl,--no-relax -ffunction-sections -fdata-sections -MMD -MP -MF"src/pm_usb.d" -MT"src/pm_usb.o" -o "src/pm_usb.o" "../src/pm_usb.c"
'Finished building: ../src/pm_usb.c'
' '
'Building file: ../src/xpfw_aib.c'
'Invoking: MicroBlaze gcc compiler'
mb-gcc -Wall -O0 -g3 -c -fmessage-length=0 -MT"src/xpfw_aib.o" -Os -flto -ffat-lto-objects -I../../pmu_bsp/psu_pmu_0/include -mlittle-endian -mxl-barrel-shift -mxl-pattern-compare -mcpu=v9.2 -mxl-soft-mul -Wl,--no-relax -ffunction-sections -fdata-sections -MMD -MP -MF"src/xpfw_aib.d" -MT"src/xpfw_aib.o" -o "src/xpfw_aib.o" "../src/xpfw_aib.c"
'Finished building: ../src/xpfw_aib.c'
' '
'Building file: ../src/xpfw_core.c'
'Invoking: MicroBlaze gcc compiler'
mb-gcc -Wall -O0 -g3 -c -fmessage-length=0 -MT"src/xpfw_core.o" -Os -flto -ffat-lto-objects -I../../pmu_bsp/psu_pmu_0/include -mlittle-endian -mxl-barrel-shift -mxl-pattern-compare -mcpu=v9.2 -mxl-soft-mul -Wl,--no-relax -ffunction-sections -fdata-sections -MMD -MP -MF"src/xpfw_core.d" -MT"src/xpfw_core.o" -o "src/xpfw_core.o" "../src/xpfw_core.c"
'Finished building: ../src/xpfw_core.c'
' '
'Building file: ../src/xpfw_crc.c'
'Invoking: MicroBlaze gcc compiler'
mb-gcc -Wall -O0 -g3 -c -fmessage-length=0 -MT"src/xpfw_crc.o" -Os -flto -ffat-lto-objects -I../../pmu_bsp/psu_pmu_0/include -mlittle-endian -mxl-barrel-shift -mxl-pattern-compare -mcpu=v9.2 -mxl-soft-mul -Wl,--no-relax -ffunction-sections -fdata-sections -MMD -MP -MF"src/xpfw_crc.d" -MT"src/xpfw_crc.o" -o "src/xpfw_crc.o" "../src/xpfw_crc.c"
'Finished building: ../src/xpfw_crc.c'
' '
'Building file: ../src/xpfw_error_manager.c'
'Invoking: MicroBlaze gcc compiler'
mb-gcc -Wall -O0 -g3 -c -fmessage-length=0 -MT"src/xpfw_error_manager.o" -Os -flto -ffat-lto-objects -I../../pmu_bsp/psu_pmu_0/include -mlittle-endian -mxl-barrel-shift -mxl-pattern-compare -mcpu=v9.2 -mxl-soft-mul -Wl,--no-relax -ffunction-sections -fdata-sections -MMD -MP -MF"src/xpfw_error_manager.d" -MT"src/xpfw_error_manager.o" -o "src/xpfw_error_manager.o" "../src/xpfw_error_manager.c"
'Finished building: ../src/xpfw_error_manager.c'
' '
'Building file: ../src/xpfw_events.c'
'Invoking: MicroBlaze gcc compiler'
mb-gcc -Wall -O0 -g3 -c -fmessage-length=0 -MT"src/xpfw_events.o" -Os -flto -ffat-lto-objects -I../../pmu_bsp/psu_pmu_0/include -mlittle-endian -mxl-barrel-shift -mxl-pattern-compare -mcpu=v9.2 -mxl-soft-mul -Wl,--no-relax -ffunction-sections -fdata-sections -MMD -MP -MF"src/xpfw_events.d" -MT"src/xpfw_events.o" -o "src/xpfw_events.o" "../src/xpfw_events.c"
'Finished building: ../src/xpfw_events.c'
' '
'Building file: ../src/xpfw_interrupts.c'
'Invoking: MicroBlaze gcc compiler'
mb-gcc -Wall -O0 -g3 -c -fmessage-length=0 -MT"src/xpfw_interrupts.o" -Os -flto -ffat-lto-objects -I../../pmu_bsp/psu_pmu_0/include -mlittle-endian -mxl-barrel-shift -mxl-pattern-compare -mcpu=v9.2 -mxl-soft-mul -Wl,--no-relax -ffunction-sections -fdata-sections -MMD -MP -MF"src/xpfw_interrupts.d" -MT"src/xpfw_interrupts.o" -o "src/xpfw_interrupts.o" "../src/xpfw_interrupts.c"
'Finished building: ../src/xpfw_interrupts.c'
' '
'Building file: ../src/xpfw_ipi_manager.c'
'Invoking: MicroBlaze gcc compiler'
mb-gcc -Wall -O0 -g3 -c -fmessage-length=0 -MT"src/xpfw_ipi_manager.o" -Os -flto -ffat-lto-objects -I../../pmu_bsp/psu_pmu_0/include -mlittle-endian -mxl-barrel-shift -mxl-pattern-compare -mcpu=v9.2 -mxl-soft-mul -Wl,--no-relax -ffunction-sections -fdata-sections -MMD -MP -MF"src/xpfw_ipi_manager.d" -MT"src/xpfw_ipi_manager.o" -o "src/xpfw_ipi_manager.o" "../src/xpfw_ipi_manager.c"
'Finished building: ../src/xpfw_ipi_manager.c'
' '
'Building file: ../src/xpfw_main.c'
'Invoking: MicroBlaze gcc compiler'
mb-gcc -Wall -O0 -g3 -c -fmessage-length=0 -MT"src/xpfw_main.o" -Os -flto -ffat-lto-objects -I../../pmu_bsp/psu_pmu_0/include -mlittle-endian -mxl-barrel-shift -mxl-pattern-compare -mcpu=v9.2 -mxl-soft-mul -Wl,--no-relax -ffunction-sections -fdata-sections -MMD -MP -MF"src/xpfw_main.d" -MT"src/xpfw_main.o" -o "src/xpfw_main.o" "../src/xpfw_main.c"
'Finished building: ../src/xpfw_main.c'
' '
'Building file: ../src/xpfw_mod_dap.c'
'Invoking: MicroBlaze gcc compiler'
mb-gcc -Wall -O0 -g3 -c -fmessage-length=0 -MT"src/xpfw_mod_dap.o" -Os -flto -ffat-lto-objects -I../../pmu_bsp/psu_pmu_0/include -mlittle-endian -mxl-barrel-shift -mxl-pattern-compare -mcpu=v9.2 -mxl-soft-mul -Wl,--no-relax -ffunction-sections -fdata-sections -MMD -MP -MF"src/xpfw_mod_dap.d" -MT"src/xpfw_mod_dap.o" -o "src/xpfw_mod_dap.o" "../src/xpfw_mod_dap.c"
'Finished building: ../src/xpfw_mod_dap.c'
' '
'Building file: ../src/xpfw_mod_em.c'
'Invoking: MicroBlaze gcc compiler'
mb-gcc -Wall -O0 -g3 -c -fmessage-length=0 -MT"src/xpfw_mod_em.o" -Os -flto -ffat-lto-objects -I../../pmu_bsp/psu_pmu_0/include -mlittle-endian -mxl-barrel-shift -mxl-pattern-compare -mcpu=v9.2 -mxl-soft-mul -Wl,--no-relax -ffunction-sections -fdata-sections -MMD -MP -MF"src/xpfw_mod_em.d" -MT"src/xpfw_mod_em.o" -o "src/xpfw_mod_em.o" "../src/xpfw_mod_em.c"
'Finished building: ../src/xpfw_mod_em.c'
' '
'Building file: ../src/xpfw_mod_legacy.c'
'Invoking: MicroBlaze gcc compiler'
mb-gcc -Wall -O0 -g3 -c -fmessage-length=0 -MT"src/xpfw_mod_legacy.o" -Os -flto -ffat-lto-objects -I../../pmu_bsp/psu_pmu_0/include -mlittle-endian -mxl-barrel-shift -mxl-pattern-compare -mcpu=v9.2 -mxl-soft-mul -Wl,--no-relax -ffunction-sections -fdata-sections -MMD -MP -MF"src/xpfw_mod_legacy.d" -MT"src/xpfw_mod_legacy.o" -o "src/xpfw_mod_legacy.o" "../src/xpfw_mod_legacy.c"
'Finished building: ../src/xpfw_mod_legacy.c'
' '
'Building file: ../src/xpfw_mod_pm.c'
'Invoking: MicroBlaze gcc compiler'
mb-gcc -Wall -O0 -g3 -c -fmessage-length=0 -MT"src/xpfw_mod_pm.o" -Os -flto -ffat-lto-objects -I../../pmu_bsp/psu_pmu_0/include -mlittle-endian -mxl-barrel-shift -mxl-pattern-compare -mcpu=v9.2 -mxl-soft-mul -Wl,--no-relax -ffunction-sections -fdata-sections -MMD -MP -MF"src/xpfw_mod_pm.d" -MT"src/xpfw_mod_pm.o" -o "src/xpfw_mod_pm.o" "../src/xpfw_mod_pm.c"
'Finished building: ../src/xpfw_mod_pm.c'
' '
'Building file: ../src/xpfw_mod_rtc.c'
'Invoking: MicroBlaze gcc compiler'
mb-gcc -Wall -O0 -g3 -c -fmessage-length=0 -MT"src/xpfw_mod_rtc.o" -Os -flto -ffat-lto-objects -I../../pmu_bsp/psu_pmu_0/include -mlittle-endian -mxl-barrel-shift -mxl-pattern-compare -mcpu=v9.2 -mxl-soft-mul -Wl,--no-relax -ffunction-sections -fdata-sections -MMD -MP -MF"src/xpfw_mod_rtc.d" -MT"src/xpfw_mod_rtc.o" -o "src/xpfw_mod_rtc.o" "../src/xpfw_mod_rtc.c"
'Finished building: ../src/xpfw_mod_rtc.c'
' '
'Building file: ../src/xpfw_mod_sched.c'
'Invoking: MicroBlaze gcc compiler'
mb-gcc -Wall -O0 -g3 -c -fmessage-length=0 -MT"src/xpfw_mod_sched.o" -Os -flto -ffat-lto-objects -I../../pmu_bsp/psu_pmu_0/include -mlittle-endian -mxl-barrel-shift -mxl-pattern-compare -mcpu=v9.2 -mxl-soft-mul -Wl,--no-relax -ffunction-sections -fdata-sections -MMD -MP -MF"src/xpfw_mod_sched.d" -MT"src/xpfw_mod_sched.o" -o "src/xpfw_mod_sched.o" "../src/xpfw_mod_sched.c"
'Finished building: ../src/xpfw_mod_sched.c'
' '
'Building file: ../src/xpfw_mod_stl.c'
'Invoking: MicroBlaze gcc compiler'
mb-gcc -Wall -O0 -g3 -c -fmessage-length=0 -MT"src/xpfw_mod_stl.o" -Os -flto -ffat-lto-objects -I../../pmu_bsp/psu_pmu_0/include -mlittle-endian -mxl-barrel-shift -mxl-pattern-compare -mcpu=v9.2 -mxl-soft-mul -Wl,--no-relax -ffunction-sections -fdata-sections -MMD -MP -MF"src/xpfw_mod_stl.d" -MT"src/xpfw_mod_stl.o" -o "src/xpfw_mod_stl.o" "../src/xpfw_mod_stl.c"
'Finished building: ../src/xpfw_mod_stl.c'
' '
'Building file: ../src/xpfw_mod_wdt.c'
'Invoking: MicroBlaze gcc compiler'
mb-gcc -Wall -O0 -g3 -c -fmessage-length=0 -MT"src/xpfw_mod_wdt.o" -Os -flto -ffat-lto-objects -I../../pmu_bsp/psu_pmu_0/include -mlittle-endian -mxl-barrel-shift -mxl-pattern-compare -mcpu=v9.2 -mxl-soft-mul -Wl,--no-relax -ffunction-sections -fdata-sections -MMD -MP -MF"src/xpfw_mod_wdt.d" -MT"src/xpfw_mod_wdt.o" -o "src/xpfw_mod_wdt.o" "../src/xpfw_mod_wdt.c"
'Finished building: ../src/xpfw_mod_wdt.c'
' '
'Building file: ../src/xpfw_module.c'
'Invoking: MicroBlaze gcc compiler'
mb-gcc -Wall -O0 -g3 -c -fmessage-length=0 -MT"src/xpfw_module.o" -Os -flto -ffat-lto-objects -I../../pmu_bsp/psu_pmu_0/include -mlittle-endian -mxl-barrel-shift -mxl-pattern-compare -mcpu=v9.2 -mxl-soft-mul -Wl,--no-relax -ffunction-sections -fdata-sections -MMD -MP -MF"src/xpfw_module.d" -MT"src/xpfw_module.o" -o "src/xpfw_module.o" "../src/xpfw_module.c"
'Finished building: ../src/xpfw_module.c'
' '
'Building file: ../src/xpfw_platform.c'
'Invoking: MicroBlaze gcc compiler'
mb-gcc -Wall -O0 -g3 -c -fmessage-length=0 -MT"src/xpfw_platform.o" -Os -flto -ffat-lto-objects -I../../pmu_bsp/psu_pmu_0/include -mlittle-endian -mxl-barrel-shift -mxl-pattern-compare -mcpu=v9.2 -mxl-soft-mul -Wl,--no-relax -ffunction-sections -fdata-sections -MMD -MP -MF"src/xpfw_platform.d" -MT"src/xpfw_platform.o" -o "src/xpfw_platform.o" "../src/xpfw_platform.c"
'Finished building: ../src/xpfw_platform.c'
' '
'Building file: ../src/xpfw_resets.c'
'Invoking: MicroBlaze gcc compiler'
mb-gcc -Wall -O0 -g3 -c -fmessage-length=0 -MT"src/xpfw_resets.o" -Os -flto -ffat-lto-objects -I../../pmu_bsp/psu_pmu_0/include -mlittle-endian -mxl-barrel-shift -mxl-pattern-compare -mcpu=v9.2 -mxl-soft-mul -Wl,--no-relax -ffunction-sections -fdata-sections -MMD -MP -MF"src/xpfw_resets.d" -MT"src/xpfw_resets.o" -o "src/xpfw_resets.o" "../src/xpfw_resets.c"
'Finished building: ../src/xpfw_resets.c'
' '
'Building file: ../src/xpfw_restart.c'
'Invoking: MicroBlaze gcc compiler'
mb-gcc -Wall -O0 -g3 -c -fmessage-length=0 -MT"src/xpfw_restart.o" -Os -flto -ffat-lto-objects -I../../pmu_bsp/psu_pmu_0/include -mlittle-endian -mxl-barrel-shift -mxl-pattern-compare -mcpu=v9.2 -mxl-soft-mul -Wl,--no-relax -ffunction-sections -fdata-sections -MMD -MP -MF"src/xpfw_restart.d" -MT"src/xpfw_restart.o" -o "src/xpfw_restart.o" "../src/xpfw_restart.c"
'Finished building: ../src/xpfw_restart.c'
' '
'Building file: ../src/xpfw_rom_interface.c'
'Invoking: MicroBlaze gcc compiler'
mb-gcc -Wall -O0 -g3 -c -fmessage-length=0 -MT"src/xpfw_rom_interface.o" -Os -flto -ffat-lto-objects -I../../pmu_bsp/psu_pmu_0/include -mlittle-endian -mxl-barrel-shift -mxl-pattern-compare -mcpu=v9.2 -mxl-soft-mul -Wl,--no-relax -ffunction-sections -fdata-sections -MMD -MP -MF"src/xpfw_rom_interface.d" -MT"src/xpfw_rom_interface.o" -o "src/xpfw_rom_interface.o" "../src/xpfw_rom_interface.c"
'Finished building: ../src/xpfw_rom_interface.c'
' '
'Building file: ../src/xpfw_scheduler.c'
'Invoking: MicroBlaze gcc compiler'
mb-gcc -Wall -O0 -g3 -c -fmessage-length=0 -MT"src/xpfw_scheduler.o" -Os -flto -ffat-lto-objects -I../../pmu_bsp/psu_pmu_0/include -mlittle-endian -mxl-barrel-shift -mxl-pattern-compare -mcpu=v9.2 -mxl-soft-mul -Wl,--no-relax -ffunction-sections -fdata-sections -MMD -MP -MF"src/xpfw_scheduler.d" -MT"src/xpfw_scheduler.o" -o "src/xpfw_scheduler.o" "../src/xpfw_scheduler.c"
'Finished building: ../src/xpfw_scheduler.c'
' '
'Building file: ../src/xpfw_start.S'
'Invoking: MicroBlaze gcc compiler'
mb-gcc -Wall -O0 -g3 -c -fmessage-length=0 -MT"src/xpfw_start.o" -Os -flto -ffat-lto-objects -I../../pmu_bsp/psu_pmu_0/include -mlittle-endian -mxl-barrel-shift -mxl-pattern-compare -mcpu=v9.2 -mxl-soft-mul -Wl,--no-relax -ffunction-sections -fdata-sections -MMD -MP -MF"src/xpfw_start.d" -MT"src/xpfw_start.o" -o "src/xpfw_start.o" "../src/xpfw_start.S"
'Finished building: ../src/xpfw_start.S'
' '
'Building file: ../src/xpfw_user_startup.c'
'Invoking: MicroBlaze gcc compiler'
mb-gcc -Wall -O0 -g3 -c -fmessage-length=0 -MT"src/xpfw_user_startup.o" -Os -flto -ffat-lto-objects -I../../pmu_bsp/psu_pmu_0/include -mlittle-endian -mxl-barrel-shift -mxl-pattern-compare -mcpu=v9.2 -mxl-soft-mul -Wl,--no-relax -ffunction-sections -fdata-sections -MMD -MP -MF"src/xpfw_user_startup.d" -MT"src/xpfw_user_startup.o" -o "src/xpfw_user_startup.o" "../src/xpfw_user_startup.c"
'Finished building: ../src/xpfw_user_startup.c'
' '
'Building file: ../src/xpfw_util.c'
'Invoking: MicroBlaze gcc compiler'
mb-gcc -Wall -O0 -g3 -c -fmessage-length=0 -MT"src/xpfw_util.o" -Os -flto -ffat-lto-objects -I../../pmu_bsp/psu_pmu_0/include -mlittle-endian -mxl-barrel-shift -mxl-pattern-compare -mcpu=v9.2 -mxl-soft-mul -Wl,--no-relax -ffunction-sections -fdata-sections -MMD -MP -MF"src/xpfw_util.d" -MT"src/xpfw_util.o" -o "src/xpfw_util.o" "../src/xpfw_util.c"
'Finished building: ../src/xpfw_util.c'
' '
'Building file: ../src/xpfw_xpu.c'
'Invoking: MicroBlaze gcc compiler'
mb-gcc -Wall -O0 -g3 -c -fmessage-length=0 -MT"src/xpfw_xpu.o" -Os -flto -ffat-lto-objects -I../../pmu_bsp/psu_pmu_0/include -mlittle-endian -mxl-barrel-shift -mxl-pattern-compare -mcpu=v9.2 -mxl-soft-mul -Wl,--no-relax -ffunction-sections -fdata-sections -MMD -MP -MF"src/xpfw_xpu.d" -MT"src/xpfw_xpu.o" -o "src/xpfw_xpu.o" "../src/xpfw_xpu.c"
'Finished building: ../src/xpfw_xpu.c'
' '
'Building target: pmu.elf'
'Invoking: MicroBlaze gcc linker'
mb-gcc -nostartfiles -Wl,-T -Wl,../src/lscript.ld -L../../pmu_bsp/psu_pmu_0/lib -mlittle-endian -mxl-barrel-shift -mxl-pattern-compare -mcpu=v9.2 -mxl-soft-mul -Wl,--no-relax -Wl,--gc-sections -o "pmu.elf"  ./src/idle_hooks.o ./src/pm_api.o ./src/pm_binding.o ./src/pm_callbacks.o ./src/pm_clock.o ./src/pm_common.o ./src/pm_config.o ./src/pm_core.o ./src/pm_ddr.o ./src/pm_extern.o ./src/pm_gic_proxy.o ./src/pm_gpp.o ./src/pm_master.o ./src/pm_mmio_access.o ./src/pm_node.o ./src/pm_node_reset.o ./src/pm_notifier.o ./src/pm_periph.o ./src/pm_pll.o ./src/pm_power.o ./src/pm_proc.o ./src/pm_requirement.o ./src/pm_reset.o ./src/pm_slave.o ./src/pm_sram.o ./src/pm_system.o ./src/pm_usb.o ./src/xpfw_aib.o ./src/xpfw_core.o ./src/xpfw_crc.o ./src/xpfw_error_manager.o ./src/xpfw_events.o ./src/xpfw_interrupts.o ./src/xpfw_ipi_manager.o ./src/xpfw_main.o ./src/xpfw_mod_dap.o ./src/xpfw_mod_em.o ./src/xpfw_mod_legacy.o ./src/xpfw_mod_pm.o ./src/xpfw_mod_rtc.o ./src/xpfw_mod_sched.o ./src/xpfw_mod_stl.o ./src/xpfw_mod_wdt.o ./src/xpfw_module.o ./src/xpfw_platform.o ./src/xpfw_resets.o ./src/xpfw_restart.o ./src/xpfw_rom_interface.o ./src/xpfw_scheduler.o ./src/xpfw_start.o ./src/xpfw_user_startup.o ./src/xpfw_util.o ./src/xpfw_xpu.o   -Wl,--start-group,-lxil,-lgcc,-lc,--end-group -Wl,--start-group,-lxilfpga,-lxil,-lgcc,-lc,--end-group -Wl,--start-group,-lxilsecure,-lxil,-lgcc,-lc,--end-group
'Finished building target: pmu.elf'
' '
'Invoking: MicroBlaze Print Size'
mb-size pmu.elf  |tee "pmu.elf.size"
   text	   data	    bss	    dec	    hex	filename
  54640	  16168	  13624	  84432	  149d0	pmu.elf
'Finished building: pmu.elf.size'
' '
13:35:35 **** Auto Build of configuration Debug for project fsbl ****
make all 
make: Nothing to be done for `all'.
09:24:21 **** Auto Build of configuration Debug for project fsbl ****
make all 
'Building file: F:/postureRec/posture_rec_system/posture_rec_system.sdk/top_hw_platform_0/psu_init.c'
'Invoking: ARM v8 gcc compiler'
aarch64-none-elf-gcc -DARMA53_64 -Wall -O0 -g3 -I"F:\postureRec\posture_rec_system\posture_rec_system.sdk\top_hw_platform_0" -c -fmessage-length=0 -MT"src/psu_init.o" -Os -flto -ffat-lto-objects -I../../fsbl_bsp/psu_cortexa53_0/include -MMD -MP -MF"src/psu_init.d" -MT"src/psu_init.o" -o "src/psu_init.o" "F:/postureRec/posture_rec_system/posture_rec_system.sdk/top_hw_platform_0/psu_init.c"
F:/postureRec/posture_rec_system/posture_rec_system.sdk/top_hw_platform_0/psu_init.c:19268:13: warning: 'dpll_prog' defined but not used [-Wunused-function]
 static void dpll_prog(int ddr_pll_fbdiv, int d_lock_dly, int d_lock_cnt,
             ^~~~~~~~~
'Finished building: F:/postureRec/posture_rec_system/posture_rec_system.sdk/top_hw_platform_0/psu_init.c'
' '
'Building file: ../src/xfsbl_handoff.c'
'Invoking: ARM v8 gcc compiler'
aarch64-none-elf-gcc -DARMA53_64 -Wall -O0 -g3 -I"F:\postureRec\posture_rec_system\posture_rec_system.sdk\top_hw_platform_0" -c -fmessage-length=0 -MT"src/xfsbl_handoff.o" -Os -flto -ffat-lto-objects -I../../fsbl_bsp/psu_cortexa53_0/include -MMD -MP -MF"src/xfsbl_handoff.d" -MT"src/xfsbl_handoff.o" -o "src/xfsbl_handoff.o" "../src/xfsbl_handoff.c"
'Finished building: ../src/xfsbl_handoff.c'
' '
'Building file: ../src/xfsbl_hooks.c'
'Invoking: ARM v8 gcc compiler'
aarch64-none-elf-gcc -DARMA53_64 -Wall -O0 -g3 -I"F:\postureRec\posture_rec_system\posture_rec_system.sdk\top_hw_platform_0" -c -fmessage-length=0 -MT"src/xfsbl_hooks.o" -Os -flto -ffat-lto-objects -I../../fsbl_bsp/psu_cortexa53_0/include -MMD -MP -MF"src/xfsbl_hooks.d" -MT"src/xfsbl_hooks.o" -o "src/xfsbl_hooks.o" "../src/xfsbl_hooks.c"
'Finished building: ../src/xfsbl_hooks.c'
' '
'Building file: ../src/xfsbl_partition_load.c'
'Invoking: ARM v8 gcc compiler'
aarch64-none-elf-gcc -DARMA53_64 -Wall -O0 -g3 -I"F:\postureRec\posture_rec_system\posture_rec_system.sdk\top_hw_platform_0" -c -fmessage-length=0 -MT"src/xfsbl_partition_load.o" -Os -flto -ffat-lto-objects -I../../fsbl_bsp/psu_cortexa53_0/include -MMD -MP -MF"src/xfsbl_partition_load.d" -MT"src/xfsbl_partition_load.o" -o "src/xfsbl_partition_load.o" "../src/xfsbl_partition_load.c"
'Finished building: ../src/xfsbl_partition_load.c'
' '
'Building target: fsbl.elf'
'Invoking: ARM v8 gcc linker'
aarch64-none-elf-gcc -Wl,-T -Wl,../src/lscript.ld -L../../fsbl_bsp/psu_cortexa53_0/lib -o "fsbl.elf"  ./src/psu_init.o ./src/xfsbl_authentication.o ./src/xfsbl_board.o ./src/xfsbl_bs.o ./src/xfsbl_csu_dma.o ./src/xfsbl_dfu_util.o ./src/xfsbl_exit.o ./src/xfsbl_handoff.o ./src/xfsbl_hooks.o ./src/xfsbl_image_header.o ./src/xfsbl_initialization.o ./src/xfsbl_main.o ./src/xfsbl_misc.o ./src/xfsbl_misc_drivers.o ./src/xfsbl_nand.o ./src/xfsbl_partition_load.o ./src/xfsbl_plpartition_valid.o ./src/xfsbl_qspi.o ./src/xfsbl_rsa_sha.o ./src/xfsbl_sd.o ./src/xfsbl_translation_table.o ./src/xfsbl_usb.o   -Wl,--start-group,-lxil,-lgcc,-lc,--end-group -Wl,--start-group,-lxilffs,-lxil,-lgcc,-lc,--end-group -Wl,--start-group,-lxilsecure,-lxil,-lgcc,-lc,--end-group -Wl,--start-group,-lxilpm,-lxil,-lgcc,-lc,--end-group -n
'Finished building target: fsbl.elf'
' '
'Invoking: ARM v8 Print Size'
aarch64-none-elf-size fsbl.elf  |tee "fsbl.elf.size"
   text	   data	    bss	    dec	    hex	filename
  87028	   4848	  85984	 177860	  2b6c4	fsbl.elf
'Finished building: fsbl.elf.size'
' '
09:24:52 **** Clean-only build of project fsbl_bsp ****
09:24:52 **** Clean-only build of project pmu_bsp ****
make -k clean 
make -k clean 
make -C psu_pmu_0/libsrc/avbuf_v1_0/src -s clean 
make -C psu_cortexa53_0/libsrc/avbuf_v1_0/src -s clean 
make -C psu_pmu_0/libsrc/axipmon_v6_6/src -s clean 
make -C psu_cortexa53_0/libsrc/axipmon_v6_6/src -s clean 
make -C psu_pmu_0/libsrc/cpu_v2_6/src -s clean 
make -C psu_cortexa53_0/libsrc/coresightps_dcc_v1_4/src -s clean 
make -C psu_pmu_0/libsrc/csudma_v1_1/src -s clean 
make -C psu_cortexa53_0/libsrc/cpu_cortexa53_v1_4/src -s clean 
make -C psu_cortexa53_0/libsrc/csudma_v1_1/src -s clean 
make -C psu_pmu_0/libsrc/ddrcpsu_v1_1/src -s clean 
make -C psu_pmu_0/libsrc/dpdma_v1_0/src -s clean 
make -C psu_cortexa53_0/libsrc/ddrcpsu_v1_1/src -s clean 
make -C psu_pmu_0/libsrc/emacps_v3_5/src -s clean 
make -C psu_cortexa53_0/libsrc/dpdma_v1_0/src -s clean 
make -C psu_pmu_0/libsrc/gpio_v4_3/src -s clean 
make -C psu_cortexa53_0/libsrc/emacps_v3_5/src -s clean 
make -C psu_pmu_0/libsrc/gpiops_v3_3/src -s clean 
make -C psu_cortexa53_0/libsrc/gpio_v4_3/src -s clean 
make -C psu_cortexa53_0/libsrc/gpiops_v3_3/src -s clean 
make -C psu_pmu_0/libsrc/iicps_v3_5/src -s clean 
make -C psu_cortexa53_0/libsrc/iicps_v3_5/src -s clean 
make -C psu_pmu_0/libsrc/ipipsu_v2_3/src -s clean 
make -C psu_pmu_0/libsrc/qspipsu_v1_5/src -s clean 
make -C psu_cortexa53_0/libsrc/ipipsu_v2_3/src -s clean 
make -C psu_pmu_0/libsrc/rtcpsu_v1_5/src -s clean 
make -C psu_cortexa53_0/libsrc/qspipsu_v1_5/src -s clean 
make -C psu_pmu_0/libsrc/sdps_v3_3/src -s clean 
make -C psu_cortexa53_0/libsrc/rtcpsu_v1_5/src -s clean 
make -C psu_pmu_0/libsrc/standalone_v6_4/src -s clean 
make -C psu_cortexa53_0/libsrc/scugic_v3_8/src -s clean 
make -C psu_cortexa53_0/libsrc/sdps_v3_3/src -s clean 
make -C psu_cortexa53_0/libsrc/standalone_v6_4/src -s clean 
make -C psu_pmu_0/libsrc/sysmonpsu_v2_2/src -s clean 
make -C psu_cortexa53_0/libsrc/sysmonpsu_v2_2/src -s clean 
make -C psu_pmu_0/libsrc/uartps_v3_4/src -s clean 
make -C psu_cortexa53_0/libsrc/uartps_v3_4/src -s clean 
make -C psu_pmu_0/libsrc/usbpsu_v1_3/src -s clean 
make -C psu_cortexa53_0/libsrc/usbpsu_v1_3/src -s clean 
make -C psu_pmu_0/libsrc/video_common_v4_2/src -s clean 
make -C psu_cortexa53_0/libsrc/video_common_v4_2/src -s clean 
make -C psu_pmu_0/libsrc/xilfpga_v3_0/src -s clean 
make -C psu_cortexa53_0/libsrc/xilffs_v3_7/src -s clean 
make -C psu_pmu_0/libsrc/xilsecure_v2_2/src -s clean 
make -C psu_cortexa53_0/libsrc/xilpm_v2_2/src -s clean 
make -C psu_pmu_0/libsrc/zdma_v1_3/src -s clean 
make -C psu_cortexa53_0/libsrc/xilsecure_v2_2/src -s clean 
rm -f psu_pmu_0/lib/libxil.a
09:24:54 **** Clean-only build of configuration Debug for project fsbl ****
make clean 
[...]
' '
'Building file: ../src/pm_node_reset.c'
'Invoking: MicroBlaze gcc compiler'
mb-gcc -Wall -O0 -g3 -c -fmessage-length=0 -MT"src/pm_node_reset.o" -Os -flto -ffat-lto-objects -I../../pmu_bsp/psu_pmu_0/include -mlittle-endian -mxl-barrel-shift -mxl-pattern-compare -mcpu=v9.2 -mxl-soft-mul -Wl,--no-relax -ffunction-sections -fdata-sections -MMD -MP -MF"src/pm_node_reset.d" -MT"src/pm_node_reset.o" -o "src/pm_node_reset.o" "../src/pm_node_reset.c"
'Finished building: ../src/pm_node_reset.c'
' '
'Building file: ../src/pm_notifier.c'
'Invoking: MicroBlaze gcc compiler'
mb-gcc -Wall -O0 -g3 -c -fmessage-length=0 -MT"src/pm_notifier.o" -Os -flto -ffat-lto-objects -I../../pmu_bsp/psu_pmu_0/include -mlittle-endian -mxl-barrel-shift -mxl-pattern-compare -mcpu=v9.2 -mxl-soft-mul -Wl,--no-relax -ffunction-sections -fdata-sections -MMD -MP -MF"src/pm_notifier.d" -MT"src/pm_notifier.o" -o "src/pm_notifier.o" "../src/pm_notifier.c"
'Finished building: ../src/pm_notifier.c'
' '
'Building file: ../src/pm_periph.c'
'Invoking: MicroBlaze gcc compiler'
mb-gcc -Wall -O0 -g3 -c -fmessage-length=0 -MT"src/pm_periph.o" -Os -flto -ffat-lto-objects -I../../pmu_bsp/psu_pmu_0/include -mlittle-endian -mxl-barrel-shift -mxl-pattern-compare -mcpu=v9.2 -mxl-soft-mul -Wl,--no-relax -ffunction-sections -fdata-sections -MMD -MP -MF"src/pm_periph.d" -MT"src/pm_periph.o" -o "src/pm_periph.o" "../src/pm_periph.c"
'Finished building: ../src/pm_periph.c'
' '
'Building file: ../src/pm_pll.c'
'Invoking: MicroBlaze gcc compiler'
mb-gcc -Wall -O0 -g3 -c -fmessage-length=0 -MT"src/pm_pll.o" -Os -flto -ffat-lto-objects -I../../pmu_bsp/psu_pmu_0/include -mlittle-endian -mxl-barrel-shift -mxl-pattern-compare -mcpu=v9.2 -mxl-soft-mul -Wl,--no-relax -ffunction-sections -fdata-sections -MMD -MP -MF"src/pm_pll.d" -MT"src/pm_pll.o" -o "src/pm_pll.o" "../src/pm_pll.c"
'Finished building: ../src/pm_pll.c'
' '
'Building file: ../src/pm_power.c'
'Invoking: MicroBlaze gcc compiler'
mb-gcc -Wall -O0 -g3 -c -fmessage-length=0 -MT"src/pm_power.o" -Os -flto -ffat-lto-objects -I../../pmu_bsp/psu_pmu_0/include -mlittle-endian -mxl-barrel-shift -mxl-pattern-compare -mcpu=v9.2 -mxl-soft-mul -Wl,--no-relax -ffunction-sections -fdata-sections -MMD -MP -MF"src/pm_power.d" -MT"src/pm_power.o" -o "src/pm_power.o" "../src/pm_power.c"
'Finished building: ../src/pm_power.c'
' '
'Building file: ../src/pm_proc.c'
'Invoking: MicroBlaze gcc compiler'
mb-gcc -Wall -O0 -g3 -c -fmessage-length=0 -MT"src/pm_proc.o" -Os -flto -ffat-lto-objects -I../../pmu_bsp/psu_pmu_0/include -mlittle-endian -mxl-barrel-shift -mxl-pattern-compare -mcpu=v9.2 -mxl-soft-mul -Wl,--no-relax -ffunction-sections -fdata-sections -MMD -MP -MF"src/pm_proc.d" -MT"src/pm_proc.o" -o "src/pm_proc.o" "../src/pm_proc.c"
'Finished building: ../src/pm_proc.c'
' '
'Building file: ../src/pm_requirement.c'
'Invoking: MicroBlaze gcc compiler'
mb-gcc -Wall -O0 -g3 -c -fmessage-length=0 -MT"src/pm_requirement.o" -Os -flto -ffat-lto-objects -I../../pmu_bsp/psu_pmu_0/include -mlittle-endian -mxl-barrel-shift -mxl-pattern-compare -mcpu=v9.2 -mxl-soft-mul -Wl,--no-relax -ffunction-sections -fdata-sections -MMD -MP -MF"src/pm_requirement.d" -MT"src/pm_requirement.o" -o "src/pm_requirement.o" "../src/pm_requirement.c"
'Finished building: ../src/pm_requirement.c'
' '
'Building file: ../src/pm_reset.c'
'Invoking: MicroBlaze gcc compiler'
mb-gcc -Wall -O0 -g3 -c -fmessage-length=0 -MT"src/pm_reset.o" -Os -flto -ffat-lto-objects -I../../pmu_bsp/psu_pmu_0/include -mlittle-endian -mxl-barrel-shift -mxl-pattern-compare -mcpu=v9.2 -mxl-soft-mul -Wl,--no-relax -ffunction-sections -fdata-sections -MMD -MP -MF"src/pm_reset.d" -MT"src/pm_reset.o" -o "src/pm_reset.o" "../src/pm_reset.c"
'Finished building: ../src/pm_reset.c'
' '
'Building file: ../src/pm_slave.c'
'Invoking: MicroBlaze gcc compiler'
mb-gcc -Wall -O0 -g3 -c -fmessage-length=0 -MT"src/pm_slave.o" -Os -flto -ffat-lto-objects -I../../pmu_bsp/psu_pmu_0/include -mlittle-endian -mxl-barrel-shift -mxl-pattern-compare -mcpu=v9.2 -mxl-soft-mul -Wl,--no-relax -ffunction-sections -fdata-sections -MMD -MP -MF"src/pm_slave.d" -MT"src/pm_slave.o" -o "src/pm_slave.o" "../src/pm_slave.c"
'Finished building: ../src/pm_slave.c'
' '
'Building file: ../src/pm_sram.c'
'Invoking: MicroBlaze gcc compiler'
mb-gcc -Wall -O0 -g3 -c -fmessage-length=0 -MT"src/pm_sram.o" -Os -flto -ffat-lto-objects -I../../pmu_bsp/psu_pmu_0/include -mlittle-endian -mxl-barrel-shift -mxl-pattern-compare -mcpu=v9.2 -mxl-soft-mul -Wl,--no-relax -ffunction-sections -fdata-sections -MMD -MP -MF"src/pm_sram.d" -MT"src/pm_sram.o" -o "src/pm_sram.o" "../src/pm_sram.c"
'Finished building: ../src/pm_sram.c'
' '
'Building file: ../src/pm_system.c'
'Invoking: MicroBlaze gcc compiler'
mb-gcc -Wall -O0 -g3 -c -fmessage-length=0 -MT"src/pm_system.o" -Os -flto -ffat-lto-objects -I../../pmu_bsp/psu_pmu_0/include -mlittle-endian -mxl-barrel-shift -mxl-pattern-compare -mcpu=v9.2 -mxl-soft-mul -Wl,--no-relax -ffunction-sections -fdata-sections -MMD -MP -MF"src/pm_system.d" -MT"src/pm_system.o" -o "src/pm_system.o" "../src/pm_system.c"
'Finished building: ../src/pm_system.c'
' '
'Building file: ../src/pm_usb.c'
'Invoking: MicroBlaze gcc compiler'
mb-gcc -Wall -O0 -g3 -c -fmessage-length=0 -MT"src/pm_usb.o" -Os -flto -ffat-lto-objects -I../../pmu_bsp/psu_pmu_0/include -mlittle-endian -mxl-barrel-shift -mxl-pattern-compare -mcpu=v9.2 -mxl-soft-mul -Wl,--no-relax -ffunction-sections -fdata-sections -MMD -MP -MF"src/pm_usb.d" -MT"src/pm_usb.o" -o "src/pm_usb.o" "../src/pm_usb.c"
'Finished building: ../src/pm_usb.c'
' '
'Building file: ../src/xpfw_aib.c'
'Invoking: MicroBlaze gcc compiler'
mb-gcc -Wall -O0 -g3 -c -fmessage-length=0 -MT"src/xpfw_aib.o" -Os -flto -ffat-lto-objects -I../../pmu_bsp/psu_pmu_0/include -mlittle-endian -mxl-barrel-shift -mxl-pattern-compare -mcpu=v9.2 -mxl-soft-mul -Wl,--no-relax -ffunction-sections -fdata-sections -MMD -MP -MF"src/xpfw_aib.d" -MT"src/xpfw_aib.o" -o "src/xpfw_aib.o" "../src/xpfw_aib.c"
'Finished building: ../src/xpfw_aib.c'
' '
'Building file: ../src/xpfw_core.c'
'Invoking: MicroBlaze gcc compiler'
mb-gcc -Wall -O0 -g3 -c -fmessage-length=0 -MT"src/xpfw_core.o" -Os -flto -ffat-lto-objects -I../../pmu_bsp/psu_pmu_0/include -mlittle-endian -mxl-barrel-shift -mxl-pattern-compare -mcpu=v9.2 -mxl-soft-mul -Wl,--no-relax -ffunction-sections -fdata-sections -MMD -MP -MF"src/xpfw_core.d" -MT"src/xpfw_core.o" -o "src/xpfw_core.o" "../src/xpfw_core.c"
'Finished building: ../src/xpfw_core.c'
' '
'Building file: ../src/xpfw_crc.c'
'Invoking: MicroBlaze gcc compiler'
mb-gcc -Wall -O0 -g3 -c -fmessage-length=0 -MT"src/xpfw_crc.o" -Os -flto -ffat-lto-objects -I../../pmu_bsp/psu_pmu_0/include -mlittle-endian -mxl-barrel-shift -mxl-pattern-compare -mcpu=v9.2 -mxl-soft-mul -Wl,--no-relax -ffunction-sections -fdata-sections -MMD -MP -MF"src/xpfw_crc.d" -MT"src/xpfw_crc.o" -o "src/xpfw_crc.o" "../src/xpfw_crc.c"
'Finished building: ../src/xpfw_crc.c'
' '
'Building file: ../src/xpfw_error_manager.c'
'Invoking: MicroBlaze gcc compiler'
mb-gcc -Wall -O0 -g3 -c -fmessage-length=0 -MT"src/xpfw_error_manager.o" -Os -flto -ffat-lto-objects -I../../pmu_bsp/psu_pmu_0/include -mlittle-endian -mxl-barrel-shift -mxl-pattern-compare -mcpu=v9.2 -mxl-soft-mul -Wl,--no-relax -ffunction-sections -fdata-sections -MMD -MP -MF"src/xpfw_error_manager.d" -MT"src/xpfw_error_manager.o" -o "src/xpfw_error_manager.o" "../src/xpfw_error_manager.c"
'Finished building: ../src/xpfw_error_manager.c'
' '
'Building file: ../src/xpfw_events.c'
'Invoking: MicroBlaze gcc compiler'
mb-gcc -Wall -O0 -g3 -c -fmessage-length=0 -MT"src/xpfw_events.o" -Os -flto -ffat-lto-objects -I../../pmu_bsp/psu_pmu_0/include -mlittle-endian -mxl-barrel-shift -mxl-pattern-compare -mcpu=v9.2 -mxl-soft-mul -Wl,--no-relax -ffunction-sections -fdata-sections -MMD -MP -MF"src/xpfw_events.d" -MT"src/xpfw_events.o" -o "src/xpfw_events.o" "../src/xpfw_events.c"
'Finished building: ../src/xpfw_events.c'
' '
'Building file: ../src/xpfw_interrupts.c'
'Invoking: MicroBlaze gcc compiler'
mb-gcc -Wall -O0 -g3 -c -fmessage-length=0 -MT"src/xpfw_interrupts.o" -Os -flto -ffat-lto-objects -I../../pmu_bsp/psu_pmu_0/include -mlittle-endian -mxl-barrel-shift -mxl-pattern-compare -mcpu=v9.2 -mxl-soft-mul -Wl,--no-relax -ffunction-sections -fdata-sections -MMD -MP -MF"src/xpfw_interrupts.d" -MT"src/xpfw_interrupts.o" -o "src/xpfw_interrupts.o" "../src/xpfw_interrupts.c"
'Finished building: ../src/xpfw_interrupts.c'
' '
'Building file: ../src/xpfw_ipi_manager.c'
'Invoking: MicroBlaze gcc compiler'
mb-gcc -Wall -O0 -g3 -c -fmessage-length=0 -MT"src/xpfw_ipi_manager.o" -Os -flto -ffat-lto-objects -I../../pmu_bsp/psu_pmu_0/include -mlittle-endian -mxl-barrel-shift -mxl-pattern-compare -mcpu=v9.2 -mxl-soft-mul -Wl,--no-relax -ffunction-sections -fdata-sections -MMD -MP -MF"src/xpfw_ipi_manager.d" -MT"src/xpfw_ipi_manager.o" -o "src/xpfw_ipi_manager.o" "../src/xpfw_ipi_manager.c"
'Finished building: ../src/xpfw_ipi_manager.c'
' '
'Building file: ../src/xpfw_main.c'
'Invoking: MicroBlaze gcc compiler'
mb-gcc -Wall -O0 -g3 -c -fmessage-length=0 -MT"src/xpfw_main.o" -Os -flto -ffat-lto-objects -I../../pmu_bsp/psu_pmu_0/include -mlittle-endian -mxl-barrel-shift -mxl-pattern-compare -mcpu=v9.2 -mxl-soft-mul -Wl,--no-relax -ffunction-sections -fdata-sections -MMD -MP -MF"src/xpfw_main.d" -MT"src/xpfw_main.o" -o "src/xpfw_main.o" "../src/xpfw_main.c"
'Finished building: ../src/xpfw_main.c'
' '
'Building file: ../src/xpfw_mod_dap.c'
'Invoking: MicroBlaze gcc compiler'
mb-gcc -Wall -O0 -g3 -c -fmessage-length=0 -MT"src/xpfw_mod_dap.o" -Os -flto -ffat-lto-objects -I../../pmu_bsp/psu_pmu_0/include -mlittle-endian -mxl-barrel-shift -mxl-pattern-compare -mcpu=v9.2 -mxl-soft-mul -Wl,--no-relax -ffunction-sections -fdata-sections -MMD -MP -MF"src/xpfw_mod_dap.d" -MT"src/xpfw_mod_dap.o" -o "src/xpfw_mod_dap.o" "../src/xpfw_mod_dap.c"
'Finished building: ../src/xpfw_mod_dap.c'
' '
'Building file: ../src/xpfw_mod_em.c'
'Invoking: MicroBlaze gcc compiler'
mb-gcc -Wall -O0 -g3 -c -fmessage-length=0 -MT"src/xpfw_mod_em.o" -Os -flto -ffat-lto-objects -I../../pmu_bsp/psu_pmu_0/include -mlittle-endian -mxl-barrel-shift -mxl-pattern-compare -mcpu=v9.2 -mxl-soft-mul -Wl,--no-relax -ffunction-sections -fdata-sections -MMD -MP -MF"src/xpfw_mod_em.d" -MT"src/xpfw_mod_em.o" -o "src/xpfw_mod_em.o" "../src/xpfw_mod_em.c"
'Finished building: ../src/xpfw_mod_em.c'
' '
'Building file: ../src/xpfw_mod_legacy.c'
'Invoking: MicroBlaze gcc compiler'
mb-gcc -Wall -O0 -g3 -c -fmessage-length=0 -MT"src/xpfw_mod_legacy.o" -Os -flto -ffat-lto-objects -I../../pmu_bsp/psu_pmu_0/include -mlittle-endian -mxl-barrel-shift -mxl-pattern-compare -mcpu=v9.2 -mxl-soft-mul -Wl,--no-relax -ffunction-sections -fdata-sections -MMD -MP -MF"src/xpfw_mod_legacy.d" -MT"src/xpfw_mod_legacy.o" -o "src/xpfw_mod_legacy.o" "../src/xpfw_mod_legacy.c"
'Finished building: ../src/xpfw_mod_legacy.c'
' '
'Building file: ../src/xpfw_mod_pm.c'
'Invoking: MicroBlaze gcc compiler'
mb-gcc -Wall -O0 -g3 -c -fmessage-length=0 -MT"src/xpfw_mod_pm.o" -Os -flto -ffat-lto-objects -I../../pmu_bsp/psu_pmu_0/include -mlittle-endian -mxl-barrel-shift -mxl-pattern-compare -mcpu=v9.2 -mxl-soft-mul -Wl,--no-relax -ffunction-sections -fdata-sections -MMD -MP -MF"src/xpfw_mod_pm.d" -MT"src/xpfw_mod_pm.o" -o "src/xpfw_mod_pm.o" "../src/xpfw_mod_pm.c"
'Finished building: ../src/xpfw_mod_pm.c'
' '
'Building file: ../src/xpfw_mod_rtc.c'
'Invoking: MicroBlaze gcc compiler'
mb-gcc -Wall -O0 -g3 -c -fmessage-length=0 -MT"src/xpfw_mod_rtc.o" -Os -flto -ffat-lto-objects -I../../pmu_bsp/psu_pmu_0/include -mlittle-endian -mxl-barrel-shift -mxl-pattern-compare -mcpu=v9.2 -mxl-soft-mul -Wl,--no-relax -ffunction-sections -fdata-sections -MMD -MP -MF"src/xpfw_mod_rtc.d" -MT"src/xpfw_mod_rtc.o" -o "src/xpfw_mod_rtc.o" "../src/xpfw_mod_rtc.c"
'Finished building: ../src/xpfw_mod_rtc.c'
' '
'Building file: ../src/xpfw_mod_sched.c'
'Invoking: MicroBlaze gcc compiler'
mb-gcc -Wall -O0 -g3 -c -fmessage-length=0 -MT"src/xpfw_mod_sched.o" -Os -flto -ffat-lto-objects -I../../pmu_bsp/psu_pmu_0/include -mlittle-endian -mxl-barrel-shift -mxl-pattern-compare -mcpu=v9.2 -mxl-soft-mul -Wl,--no-relax -ffunction-sections -fdata-sections -MMD -MP -MF"src/xpfw_mod_sched.d" -MT"src/xpfw_mod_sched.o" -o "src/xpfw_mod_sched.o" "../src/xpfw_mod_sched.c"
'Finished building: ../src/xpfw_mod_sched.c'
' '
'Building file: ../src/xpfw_mod_stl.c'
'Invoking: MicroBlaze gcc compiler'
mb-gcc -Wall -O0 -g3 -c -fmessage-length=0 -MT"src/xpfw_mod_stl.o" -Os -flto -ffat-lto-objects -I../../pmu_bsp/psu_pmu_0/include -mlittle-endian -mxl-barrel-shift -mxl-pattern-compare -mcpu=v9.2 -mxl-soft-mul -Wl,--no-relax -ffunction-sections -fdata-sections -MMD -MP -MF"src/xpfw_mod_stl.d" -MT"src/xpfw_mod_stl.o" -o "src/xpfw_mod_stl.o" "../src/xpfw_mod_stl.c"
'Finished building: ../src/xpfw_mod_stl.c'
' '
'Building file: ../src/xpfw_mod_wdt.c'
'Invoking: MicroBlaze gcc compiler'
mb-gcc -Wall -O0 -g3 -c -fmessage-length=0 -MT"src/xpfw_mod_wdt.o" -Os -flto -ffat-lto-objects -I../../pmu_bsp/psu_pmu_0/include -mlittle-endian -mxl-barrel-shift -mxl-pattern-compare -mcpu=v9.2 -mxl-soft-mul -Wl,--no-relax -ffunction-sections -fdata-sections -MMD -MP -MF"src/xpfw_mod_wdt.d" -MT"src/xpfw_mod_wdt.o" -o "src/xpfw_mod_wdt.o" "../src/xpfw_mod_wdt.c"
'Finished building: ../src/xpfw_mod_wdt.c'
' '
'Building file: ../src/xpfw_module.c'
'Invoking: MicroBlaze gcc compiler'
mb-gcc -Wall -O0 -g3 -c -fmessage-length=0 -MT"src/xpfw_module.o" -Os -flto -ffat-lto-objects -I../../pmu_bsp/psu_pmu_0/include -mlittle-endian -mxl-barrel-shift -mxl-pattern-compare -mcpu=v9.2 -mxl-soft-mul -Wl,--no-relax -ffunction-sections -fdata-sections -MMD -MP -MF"src/xpfw_module.d" -MT"src/xpfw_module.o" -o "src/xpfw_module.o" "../src/xpfw_module.c"
'Finished building: ../src/xpfw_module.c'
' '
'Building file: ../src/xpfw_platform.c'
'Invoking: MicroBlaze gcc compiler'
mb-gcc -Wall -O0 -g3 -c -fmessage-length=0 -MT"src/xpfw_platform.o" -Os -flto -ffat-lto-objects -I../../pmu_bsp/psu_pmu_0/include -mlittle-endian -mxl-barrel-shift -mxl-pattern-compare -mcpu=v9.2 -mxl-soft-mul -Wl,--no-relax -ffunction-sections -fdata-sections -MMD -MP -MF"src/xpfw_platform.d" -MT"src/xpfw_platform.o" -o "src/xpfw_platform.o" "../src/xpfw_platform.c"
'Finished building: ../src/xpfw_platform.c'
' '
'Building file: ../src/xpfw_resets.c'
'Invoking: MicroBlaze gcc compiler'
mb-gcc -Wall -O0 -g3 -c -fmessage-length=0 -MT"src/xpfw_resets.o" -Os -flto -ffat-lto-objects -I../../pmu_bsp/psu_pmu_0/include -mlittle-endian -mxl-barrel-shift -mxl-pattern-compare -mcpu=v9.2 -mxl-soft-mul -Wl,--no-relax -ffunction-sections -fdata-sections -MMD -MP -MF"src/xpfw_resets.d" -MT"src/xpfw_resets.o" -o "src/xpfw_resets.o" "../src/xpfw_resets.c"
'Finished building: ../src/xpfw_resets.c'
' '
'Building file: ../src/xpfw_restart.c'
'Invoking: MicroBlaze gcc compiler'
mb-gcc -Wall -O0 -g3 -c -fmessage-length=0 -MT"src/xpfw_restart.o" -Os -flto -ffat-lto-objects -I../../pmu_bsp/psu_pmu_0/include -mlittle-endian -mxl-barrel-shift -mxl-pattern-compare -mcpu=v9.2 -mxl-soft-mul -Wl,--no-relax -ffunction-sections -fdata-sections -MMD -MP -MF"src/xpfw_restart.d" -MT"src/xpfw_restart.o" -o "src/xpfw_restart.o" "../src/xpfw_restart.c"
'Finished building: ../src/xpfw_restart.c'
' '
'Building file: ../src/xpfw_rom_interface.c'
'Invoking: MicroBlaze gcc compiler'
mb-gcc -Wall -O0 -g3 -c -fmessage-length=0 -MT"src/xpfw_rom_interface.o" -Os -flto -ffat-lto-objects -I../../pmu_bsp/psu_pmu_0/include -mlittle-endian -mxl-barrel-shift -mxl-pattern-compare -mcpu=v9.2 -mxl-soft-mul -Wl,--no-relax -ffunction-sections -fdata-sections -MMD -MP -MF"src/xpfw_rom_interface.d" -MT"src/xpfw_rom_interface.o" -o "src/xpfw_rom_interface.o" "../src/xpfw_rom_interface.c"
'Finished building: ../src/xpfw_rom_interface.c'
' '
'Building file: ../src/xpfw_scheduler.c'
'Invoking: MicroBlaze gcc compiler'
mb-gcc -Wall -O0 -g3 -c -fmessage-length=0 -MT"src/xpfw_scheduler.o" -Os -flto -ffat-lto-objects -I../../pmu_bsp/psu_pmu_0/include -mlittle-endian -mxl-barrel-shift -mxl-pattern-compare -mcpu=v9.2 -mxl-soft-mul -Wl,--no-relax -ffunction-sections -fdata-sections -MMD -MP -MF"src/xpfw_scheduler.d" -MT"src/xpfw_scheduler.o" -o "src/xpfw_scheduler.o" "../src/xpfw_scheduler.c"
'Finished building: ../src/xpfw_scheduler.c'
' '
'Building file: ../src/xpfw_start.S'
'Invoking: MicroBlaze gcc compiler'
mb-gcc -Wall -O0 -g3 -c -fmessage-length=0 -MT"src/xpfw_start.o" -Os -flto -ffat-lto-objects -I../../pmu_bsp/psu_pmu_0/include -mlittle-endian -mxl-barrel-shift -mxl-pattern-compare -mcpu=v9.2 -mxl-soft-mul -Wl,--no-relax -ffunction-sections -fdata-sections -MMD -MP -MF"src/xpfw_start.d" -MT"src/xpfw_start.o" -o "src/xpfw_start.o" "../src/xpfw_start.S"
'Finished building: ../src/xpfw_start.S'
' '
'Building file: ../src/xpfw_user_startup.c'
'Invoking: MicroBlaze gcc compiler'
mb-gcc -Wall -O0 -g3 -c -fmessage-length=0 -MT"src/xpfw_user_startup.o" -Os -flto -ffat-lto-objects -I../../pmu_bsp/psu_pmu_0/include -mlittle-endian -mxl-barrel-shift -mxl-pattern-compare -mcpu=v9.2 -mxl-soft-mul -Wl,--no-relax -ffunction-sections -fdata-sections -MMD -MP -MF"src/xpfw_user_startup.d" -MT"src/xpfw_user_startup.o" -o "src/xpfw_user_startup.o" "../src/xpfw_user_startup.c"
'Finished building: ../src/xpfw_user_startup.c'
' '
'Building file: ../src/xpfw_util.c'
'Invoking: MicroBlaze gcc compiler'
mb-gcc -Wall -O0 -g3 -c -fmessage-length=0 -MT"src/xpfw_util.o" -Os -flto -ffat-lto-objects -I../../pmu_bsp/psu_pmu_0/include -mlittle-endian -mxl-barrel-shift -mxl-pattern-compare -mcpu=v9.2 -mxl-soft-mul -Wl,--no-relax -ffunction-sections -fdata-sections -MMD -MP -MF"src/xpfw_util.d" -MT"src/xpfw_util.o" -o "src/xpfw_util.o" "../src/xpfw_util.c"
'Finished building: ../src/xpfw_util.c'
' '
'Building file: ../src/xpfw_xpu.c'
'Invoking: MicroBlaze gcc compiler'
mb-gcc -Wall -O0 -g3 -c -fmessage-length=0 -MT"src/xpfw_xpu.o" -Os -flto -ffat-lto-objects -I../../pmu_bsp/psu_pmu_0/include -mlittle-endian -mxl-barrel-shift -mxl-pattern-compare -mcpu=v9.2 -mxl-soft-mul -Wl,--no-relax -ffunction-sections -fdata-sections -MMD -MP -MF"src/xpfw_xpu.d" -MT"src/xpfw_xpu.o" -o "src/xpfw_xpu.o" "../src/xpfw_xpu.c"
'Finished building: ../src/xpfw_xpu.c'
' '
'Building target: pmu.elf'
'Invoking: MicroBlaze gcc linker'
mb-gcc -nostartfiles -Wl,-T -Wl,../src/lscript.ld -L../../pmu_bsp/psu_pmu_0/lib -mlittle-endian -mxl-barrel-shift -mxl-pattern-compare -mcpu=v9.2 -mxl-soft-mul -Wl,--no-relax -Wl,--gc-sections -o "pmu.elf"  ./src/idle_hooks.o ./src/pm_api.o ./src/pm_binding.o ./src/pm_callbacks.o ./src/pm_clock.o ./src/pm_common.o ./src/pm_config.o ./src/pm_core.o ./src/pm_ddr.o ./src/pm_extern.o ./src/pm_gic_proxy.o ./src/pm_gpp.o ./src/pm_master.o ./src/pm_mmio_access.o ./src/pm_node.o ./src/pm_node_reset.o ./src/pm_notifier.o ./src/pm_periph.o ./src/pm_pll.o ./src/pm_power.o ./src/pm_proc.o ./src/pm_requirement.o ./src/pm_reset.o ./src/pm_slave.o ./src/pm_sram.o ./src/pm_system.o ./src/pm_usb.o ./src/xpfw_aib.o ./src/xpfw_core.o ./src/xpfw_crc.o ./src/xpfw_error_manager.o ./src/xpfw_events.o ./src/xpfw_interrupts.o ./src/xpfw_ipi_manager.o ./src/xpfw_main.o ./src/xpfw_mod_dap.o ./src/xpfw_mod_em.o ./src/xpfw_mod_legacy.o ./src/xpfw_mod_pm.o ./src/xpfw_mod_rtc.o ./src/xpfw_mod_sched.o ./src/xpfw_mod_stl.o ./src/xpfw_mod_wdt.o ./src/xpfw_module.o ./src/xpfw_platform.o ./src/xpfw_resets.o ./src/xpfw_restart.o ./src/xpfw_rom_interface.o ./src/xpfw_scheduler.o ./src/xpfw_start.o ./src/xpfw_user_startup.o ./src/xpfw_util.o ./src/xpfw_xpu.o   -Wl,--start-group,-lxil,-lgcc,-lc,--end-group -Wl,--start-group,-lxilfpga,-lxil,-lgcc,-lc,--end-group -Wl,--start-group,-lxilsecure,-lxil,-lgcc,-lc,--end-group
'Finished building target: pmu.elf'
' '
'Invoking: MicroBlaze Print Size'
mb-size pmu.elf  |tee "pmu.elf.size"
   text	   data	    bss	    dec	    hex	filename
  54640	  16168	  13624	  84432	  149d0	pmu.elf
'Finished building: pmu.elf.size'
' '
