18:17:03 **** Build of configuration Debug for project system ****
make all 
'Building file: ../src/common.c'
'Invoking: ARM v8 gcc compiler'
aarch64-none-elf-gcc -Wall -O0 -g3 -c -fmessage-length=0 -MT"src/common.o" -I../../system_bsp/psu_cortexa53_0/include -MMD -MP -MF"src/common.d" -MT"src/common.o" -o "src/common.o" "../src/common.c"
'Finished building: ../src/common.c'
' '
'Building file: ../src/data_store.c'
'Invoking: ARM v8 gcc compiler'
aarch64-none-elf-gcc -Wall -O0 -g3 -c -fmessage-length=0 -MT"src/data_store.o" -I../../system_bsp/psu_cortexa53_0/include -MMD -MP -MF"src/data_store.d" -MT"src/data_store.o" -o "src/data_store.o" "../src/data_store.c"
'Finished building: ../src/data_store.c'
' '
'Building file: ../src/gpio.c'
'Invoking: ARM v8 gcc compiler'
aarch64-none-elf-gcc -Wall -O0 -g3 -c -fmessage-length=0 -MT"src/gpio.o" -I../../system_bsp/psu_cortexa53_0/include -MMD -MP -MF"src/gpio.d" -MT"src/gpio.o" -o "src/gpio.o" "../src/gpio.c"
'Finished building: ../src/gpio.c'
' '
'Building file: ../src/interruptDef.c'
'Invoking: ARM v8 gcc compiler'
aarch64-none-elf-gcc -Wall -O0 -g3 -c -fmessage-length=0 -MT"src/interruptDef.o" -I../../system_bsp/psu_cortexa53_0/include -MMD -MP -MF"src/interruptDef.d" -MT"src/interruptDef.o" -o "src/interruptDef.o" "../src/interruptDef.c"
'Finished building: ../src/interruptDef.c'
' '
'Building file: ../src/main.c'
'Invoking: ARM v8 gcc compiler'
aarch64-none-elf-gcc -Wall -O0 -g3 -c -fmessage-length=0 -MT"src/main.o" -I../../system_bsp/psu_cortexa53_0/include -MMD -MP -MF"src/main.d" -MT"src/main.o" -o "src/main.o" "../src/main.c"
'Finished building: ../src/main.c'
' '
'Building file: ../src/sdcard.c'
'Invoking: ARM v8 gcc compiler'
aarch64-none-elf-gcc -Wall -O0 -g3 -c -fmessage-length=0 -MT"src/sdcard.o" -I../../system_bsp/psu_cortexa53_0/include -MMD -MP -MF"src/sdcard.d" -MT"src/sdcard.o" -o "src/sdcard.o" "../src/sdcard.c"
'Finished building: ../src/sdcard.c'
' '
'Building target: system.elf'
'Invoking: ARM v8 gcc linker'
aarch64-none-elf-gcc -Wl,-T -Wl,../src/lscript.ld -L../../system_bsp/psu_cortexa53_0/lib -o "system.elf"  ./src/common.o ./src/data_store.o ./src/gpio.o ./src/interruptDef.o ./src/main.o ./src/sdcard.o   -Wl,--start-group,-lxil,-lgcc,-lc,--end-group -Wl,--start-group,-lxilffs,-lxil,-lgcc,-lc,--end-group
'Finished building target: system.elf'
' '
'Invoking: ARM v8 Print Size'
aarch64-none-elf-size system.elf  |tee "system.elf.size"
   text	   data	    bss	    dec	    hex	filename
 134716	10491368	  23456	10649540	 a27fc4	system.elf
'Finished building: system.elf.size'
' '

18:17:05 Build Finished (took 2s.98ms)

